Archive member included to satisfy reference by file (symbol)

C:/ST/STM32CubeIDE_1.19.0/STM32CubeIDE/plugins/com.st.stm32cube.ide.mcu.externaltools.gnu-tools-for-stm32.13.3.rel1.win32_1.0.0.202411081344/tools/bin/../lib/gcc/arm-none-eabi/13.3.1/../../../../arm-none-eabi/lib/thumb/v7-m/nofp\libc_nano.a(libc_a-calloc.o)
                              ./Core/Src/comm_manager.o (calloc)
C:/ST/STM32CubeIDE_1.19.0/STM32CubeIDE/plugins/com.st.stm32cube.ide.mcu.externaltools.gnu-tools-for-stm32.13.3.rel1.win32_1.0.0.202411081344/tools/bin/../lib/gcc/arm-none-eabi/13.3.1/../../../../arm-none-eabi/lib/thumb/v7-m/nofp\libc_nano.a(libc_a-callocr.o)
                              C:/ST/STM32CubeIDE_1.19.0/STM32CubeIDE/plugins/com.st.stm32cube.ide.mcu.externaltools.gnu-tools-for-stm32.13.3.rel1.win32_1.0.0.202411081344/tools/bin/../lib/gcc/arm-none-eabi/13.3.1/../../../../arm-none-eabi/lib/thumb/v7-m/nofp\libc_nano.a(libc_a-calloc.o) (_calloc_r)
C:/ST/STM32CubeIDE_1.19.0/STM32CubeIDE/plugins/com.st.stm32cube.ide.mcu.externaltools.gnu-tools-for-stm32.13.3.rel1.win32_1.0.0.202411081344/tools/bin/../lib/gcc/arm-none-eabi/13.3.1/../../../../arm-none-eabi/lib/thumb/v7-m/nofp\libc_nano.a(libc_a-exit.o)
                              C:/ST/STM32CubeIDE_1.19.0/STM32CubeIDE/plugins/com.st.stm32cube.ide.mcu.externaltools.gnu-tools-for-stm32.13.3.rel1.win32_1.0.0.202411081344/tools/bin/../lib/gcc/arm-none-eabi/13.3.1/../../../../arm-none-eabi/lib/thumb/v7-m/nofp/crt0.o (exit)
C:/ST/STM32CubeIDE_1.19.0/STM32CubeIDE/plugins/com.st.stm32cube.ide.mcu.externaltools.gnu-tools-for-stm32.13.3.rel1.win32_1.0.0.202411081344/tools/bin/../lib/gcc/arm-none-eabi/13.3.1/../../../../arm-none-eabi/lib/thumb/v7-m/nofp\libc_nano.a(libc_a-malloc.o)
                              ./Core/Src/queue.o (free)
C:/ST/STM32CubeIDE_1.19.0/STM32CubeIDE/plugins/com.st.stm32cube.ide.mcu.externaltools.gnu-tools-for-stm32.13.3.rel1.win32_1.0.0.202411081344/tools/bin/../lib/gcc/arm-none-eabi/13.3.1/../../../../arm-none-eabi/lib/thumb/v7-m/nofp\libc_nano.a(libc_a-mallocr.o)
                              C:/ST/STM32CubeIDE_1.19.0/STM32CubeIDE/plugins/com.st.stm32cube.ide.mcu.externaltools.gnu-tools-for-stm32.13.3.rel1.win32_1.0.0.202411081344/tools/bin/../lib/gcc/arm-none-eabi/13.3.1/../../../../arm-none-eabi/lib/thumb/v7-m/nofp\libc_nano.a(libc_a-callocr.o) (_malloc_r)
C:/ST/STM32CubeIDE_1.19.0/STM32CubeIDE/plugins/com.st.stm32cube.ide.mcu.externaltools.gnu-tools-for-stm32.13.3.rel1.win32_1.0.0.202411081344/tools/bin/../lib/gcc/arm-none-eabi/13.3.1/../../../../arm-none-eabi/lib/thumb/v7-m/nofp\libc_nano.a(libc_a-mlock.o)
                              C:/ST/STM32CubeIDE_1.19.0/STM32CubeIDE/plugins/com.st.stm32cube.ide.mcu.externaltools.gnu-tools-for-stm32.13.3.rel1.win32_1.0.0.202411081344/tools/bin/../lib/gcc/arm-none-eabi/13.3.1/../../../../arm-none-eabi/lib/thumb/v7-m/nofp\libc_nano.a(libc_a-mallocr.o) (__malloc_lock)
C:/ST/STM32CubeIDE_1.19.0/STM32CubeIDE/plugins/com.st.stm32cube.ide.mcu.externaltools.gnu-tools-for-stm32.13.3.rel1.win32_1.0.0.202411081344/tools/bin/../lib/gcc/arm-none-eabi/13.3.1/../../../../arm-none-eabi/lib/thumb/v7-m/nofp\libc_nano.a(libc_a-findfp.o)
                              C:/ST/STM32CubeIDE_1.19.0/STM32CubeIDE/plugins/com.st.stm32cube.ide.mcu.externaltools.gnu-tools-for-stm32.13.3.rel1.win32_1.0.0.202411081344/tools/bin/../lib/gcc/arm-none-eabi/13.3.1/../../../../arm-none-eabi/lib/thumb/v7-m/nofp\libc_nano.a(libc_a-exit.o) (__stdio_exit_handler)
C:/ST/STM32CubeIDE_1.19.0/STM32CubeIDE/plugins/com.st.stm32cube.ide.mcu.externaltools.gnu-tools-for-stm32.13.3.rel1.win32_1.0.0.202411081344/tools/bin/../lib/gcc/arm-none-eabi/13.3.1/../../../../arm-none-eabi/lib/thumb/v7-m/nofp\libc_nano.a(libc_a-fwalk.o)
                              C:/ST/STM32CubeIDE_1.19.0/STM32CubeIDE/plugins/com.st.stm32cube.ide.mcu.externaltools.gnu-tools-for-stm32.13.3.rel1.win32_1.0.0.202411081344/tools/bin/../lib/gcc/arm-none-eabi/13.3.1/../../../../arm-none-eabi/lib/thumb/v7-m/nofp\libc_nano.a(libc_a-findfp.o) (_fwalk_sglue)
C:/ST/STM32CubeIDE_1.19.0/STM32CubeIDE/plugins/com.st.stm32cube.ide.mcu.externaltools.gnu-tools-for-stm32.13.3.rel1.win32_1.0.0.202411081344/tools/bin/../lib/gcc/arm-none-eabi/13.3.1/../../../../arm-none-eabi/lib/thumb/v7-m/nofp\libc_nano.a(libc_a-sprintf.o)
                              ./Core/Src/main.o (sprintf)
C:/ST/STM32CubeIDE_1.19.0/STM32CubeIDE/plugins/com.st.stm32cube.ide.mcu.externaltools.gnu-tools-for-stm32.13.3.rel1.win32_1.0.0.202411081344/tools/bin/../lib/gcc/arm-none-eabi/13.3.1/../../../../arm-none-eabi/lib/thumb/v7-m/nofp\libc_nano.a(libc_a-stdio.o)
                              C:/ST/STM32CubeIDE_1.19.0/STM32CubeIDE/plugins/com.st.stm32cube.ide.mcu.externaltools.gnu-tools-for-stm32.13.3.rel1.win32_1.0.0.202411081344/tools/bin/../lib/gcc/arm-none-eabi/13.3.1/../../../../arm-none-eabi/lib/thumb/v7-m/nofp\libc_nano.a(libc_a-findfp.o) (__sread)
[...]
Memory Configuration

Name             Origin             Length             Attributes
RAM              0x20000000         0x00005000         xrw
FLASH            0x08000000         0x00010000         xr
*default*        0x00000000         0xffffffff

Linker script and memory map

LOAD C:/ST/STM32CubeIDE_1.19.0/STM32CubeIDE/plugins/com.st.stm32cube.ide.mcu.externaltools.gnu-tools-for-stm32.13.3.rel1.win32_1.0.0.202411081344/tools/bin/../lib/gcc/arm-none-eabi/13.3.1/thumb/v7-m/nofp/crti.o
LOAD C:/ST/STM32CubeIDE_1.19.0/STM32CubeIDE/plugins/com.st.stm32cube.ide.mcu.externaltools.gnu-tools-for-stm32.13.3.rel1.win32_1.0.0.202411081344/tools/bin/../lib/gcc/arm-none-eabi/13.3.1/thumb/v7-m/nofp/crtbegin.o
LOAD C:/ST/STM32CubeIDE_1.19.0/STM32CubeIDE/plugins/com.st.stm32cube.ide.mcu.externaltools.gnu-tools-for-stm32.13.3.rel1.win32_1.0.0.202411081344/tools/bin/../lib/gcc/arm-none-eabi/13.3.1/../../../../arm-none-eabi/lib/thumb/v7-m/nofp/crt0.o
LOAD ./Core/Src/SEGGER_RTT.o
LOAD ./Core/Src/comm_manager.o
LOAD ./Core/Src/crc16.o
LOAD ./Core/Src/log.o
LOAD ./Core/Src/main.o
LOAD ./Core/Src/my_packer.o
LOAD ./Core/Src/packer.o
LOAD ./Core/Src/queue.o
LOAD ./Core/Src/stm32f1xx_hal_msp.o
LOAD ./Core/Src/stm32f1xx_it.o
LOAD ./Core/Src/syscalls.o
LOAD ./Core/Src/sysmem.o
LOAD ./Core/Src/system_stm32f1xx.o
LOAD ./Core/Startup/startup_stm32f103c8tx.o
LOAD ./Drivers/STM32F1xx_HAL_Driver/Src/stm32f1xx_hal.o
LOAD ./Drivers/STM32F1xx_HAL_Driver/Src/stm32f1xx_hal_cortex.o
LOAD ./Drivers/STM32F1xx_HAL_Driver/Src/stm32f1xx_hal_dma.o
LOAD ./Drivers/STM32F1xx_HAL_Driver/Src/stm32f1xx_hal_exti.o
LOAD ./Drivers/STM32F1xx_HAL_Driver/Src/stm32f1xx_hal_flash.o
LOAD ./Drivers/STM32F1xx_HAL_Driver/Src/stm32f1xx_hal_flash_ex.o
LOAD ./Drivers/STM32F1xx_HAL_Driver/Src/stm32f1xx_hal_gpio.o
LOAD ./Drivers/STM32F1xx_HAL_Driver/Src/stm32f1xx_hal_gpio_ex.o
LOAD ./Drivers/STM32F1xx_HAL_Driver/Src/stm32f1xx_hal_pwr.o
LOAD ./Drivers/STM32F1xx_HAL_Driver/Src/stm32f1xx_hal_rcc.o
LOAD ./Drivers/STM32F1xx_HAL_Driver/Src/stm32f1xx_hal_rcc_ex.o
LOAD ./Drivers/STM32F1xx_HAL_Driver/Src/stm32f1xx_hal_uart.o
START GROUP
LOAD C:/ST/STM32CubeIDE_1.19.0/STM32CubeIDE/plugins/com.st.stm32cube.ide.mcu.externaltools.gnu-tools-for-stm32.13.3.rel1.win32_1.0.0.202411081344/tools/bin/../lib/gcc/arm-none-eabi/13.3.1/../../../../arm-none-eabi/lib/thumb/v7-m/nofp\libc_nano.a
LOAD C:/ST/STM32CubeIDE_1.19.0/STM32CubeIDE/plugins/com.st.stm32cube.ide.mcu.externaltools.gnu-tools-for-stm32.13.3.rel1.win32_1.0.0.202411081344/tools/bin/../lib/gcc/arm-none-eabi/13.3.1/../../../../arm-none-eabi/lib/thumb/v7-m/nofp\libm.a
END GROUP
START GROUP
LOAD C:/ST/STM32CubeIDE_1.19.0/STM32CubeIDE/plugins/com.st.stm32cube.ide.mcu.externaltools.gnu-tools-for-stm32.13.3.rel1.win32_1.0.0.202411081344/tools/bin/../lib/gcc/arm-none-eabi/13.3.1/thumb/v7-m/nofp\libgcc.a
LOAD C:/ST/STM32CubeIDE_1.19.0/STM32CubeIDE/plugins/com.st.stm32cube.ide.mcu.externaltools.gnu-tools-for-stm32.13.3.rel1.win32_1.0.0.202411081344/tools/bin/../lib/gcc/arm-none-eabi/13.3.1/../../../../arm-none-eabi/lib/thumb/v7-m/nofp\libc_nano.a
END GROUP
START GROUP
LOAD C:/ST/STM32CubeIDE_1.19.0/STM32CubeIDE/plugins/com.st.stm32cube.ide.mcu.externaltools.gnu-tools-for-stm32.13.3.rel1.win32_1.0.0.202411081344/tools/bin/../lib/gcc/arm-none-eabi/13.3.1/thumb/v7-m/nofp\libgcc.a
LOAD C:/ST/STM32CubeIDE_1.19.0/STM32CubeIDE/plugins/com.st.stm32cube.ide.mcu.externaltools.gnu-tools-for-stm32.13.3.rel1.win32_1.0.0.202411081344/tools/bin/../lib/gcc/arm-none-eabi/13.3.1/../../../../arm-none-eabi/lib/thumb/v7-m/nofp\libc_nano.a
LOAD C:/ST/STM32CubeIDE_1.19.0/STM32CubeIDE/plugins/com.st.stm32cube.ide.mcu.externaltools.gnu-tools-for-stm32.13.3.rel1.win32_1.0.0.202411081344/tools/bin/../lib/gcc/arm-none-eabi/13.3.1/../../../../arm-none-eabi/lib/thumb/v7-m/nofp\libnosys.a
END GROUP
START GROUP
LOAD C:/ST/STM32CubeIDE_1.19.0/STM32CubeIDE/plugins/com.st.stm32cube.ide.mcu.externaltools.gnu-tools-for-stm32.13.3.rel1.win32_1.0.0.202411081344/tools/bin/../lib/gcc/arm-none-eabi/13.3.1/thumb/v7-m/nofp\libgcc.a
LOAD C:/ST/STM32CubeIDE_1.19.0/STM32CubeIDE/plugins/com.st.stm32cube.ide.mcu.externaltools.gnu-tools-for-stm32.13.3.rel1.win32_1.0.0.202411081344/tools/bin/../lib/gcc/arm-none-eabi/13.3.1/../../../../arm-none-eabi/lib/thumb/v7-m/nofp\libc_nano.a
LOAD C:/ST/STM32CubeIDE_1.19.0/STM32CubeIDE/plugins/com.st.stm32cube.ide.mcu.externaltools.gnu-tools-for-stm32.13.3.rel1.win32_1.0.0.202411081344/tools/bin/../lib/gcc/arm-none-eabi/13.3.1/../../../../arm-none-eabi/lib/thumb/v7-m/nofp\libnosys.a
END GROUP
LOAD C:/ST/STM32CubeIDE_1.19.0/STM32CubeIDE/plugins/com.st.stm32cube.ide.mcu.externaltools.gnu-tools-for-stm32.13.3.rel1.win32_1.0.0.202411081344/tools/bin/../lib/gcc/arm-none-eabi/13.3.1/thumb/v7-m/nofp/crtend.o
LOAD C:/ST/STM32CubeIDE_1.19.0/STM32CubeIDE/plugins/com.st.stm32cube.ide.mcu.externaltools.gnu-tools-for-stm32.13.3.rel1.win32_1.0.0.202411081344/tools/bin/../lib/gcc/arm-none-eabi/13.3.1/thumb/v7-m/nofp/crtn.o
                0x20005000                        _estack = (ORIGIN (RAM) + LENGTH (RAM))
                0x00000200                        _Min_Heap_Size = 0x200
                0x00000400                        _Min_Stack_Size = 0x400

.isr_vector     0x08000000      0x10c
                0x08000000                        . = ALIGN (0x4)
 *(.isr_vector)
 .isr_vector    0x08000000      0x10c ./Core/Startup/startup_stm32f103c8tx.o
                0x08000000                g_pfnVectors
                0x0800010c                        . = ALIGN (0x4)

.text           0x0800010c     0x36a0
                0x0800010c                        . = ALIGN (0x4)
 *(.text)
 .text          0x0800010c       0x40 C:/ST/STM32CubeIDE_1.19.0/STM32CubeIDE/plugins/com.st.stm32cube.ide.mcu.externaltools.gnu-tools-for-stm32.13.3.rel1.win32_1.0.0.202411081344/tools/bin/../lib/gcc/arm-none-eabi/13.3.1/thumb/v7-m/nofp/crtbegin.o
 .text          0x0800014c       0x10 C:/ST/STM32CubeIDE_1.19.0/STM32CubeIDE/plugins/com.st.stm32cube.ide.mcu.externaltools.gnu-tools-for-stm32.13.3.rel1.win32_1.0.0.202411081344/tools/bin/../lib/gcc/arm-none-eabi/13.3.1/../../../../arm-none-eabi/lib/thumb/v7-m/nofp\libc_nano.a(libc_a-strlen.o)
                0x0800014c                strlen
 *(.text*)
 .text._DoInit  0x0800015c       0xb0 ./Core/Src/SEGGER_RTT.o
 .text._WriteBlocking
                0x0800020c       0xb6 ./Core/Src/SEGGER_RTT.o
 .text._WriteNoCheck
                0x080002c2       0x88 ./Core/Src/SEGGER_RTT.o
 .text._GetAvailWriteSpace
                0x0800034a       0x44 ./Core/Src/SEGGER_RTT.o
 *fill*         0x0800038e        0x2 
 .text.SEGGER_RTT_WriteNoLock
                0x08000390       0xa0 ./Core/Src/SEGGER_RTT.o
                0x08000390                SEGGER_RTT_WriteNoLock
 .text.SEGGER_RTT_Write
                0x08000430       0x4c ./Core/Src/SEGGER_RTT.o
                0x08000430                SEGGER_RTT_Write
 .text.SEGGER_RTT_WriteString
                0x0800047c       0x26 ./Core/Src/SEGGER_RTT.o
                0x0800047c                SEGGER_RTT_WriteString
 .text.SEGGER_RTT_Init
                0x080004a2        0xc ./Core/Src/SEGGER_RTT.o
                0x080004a2                SEGGER_RTT_Init
 *fill*         0x080004ae        0x2 
 .text.comm_manager_init
                0x080004b0       0xd8 ./Core/Src/comm_manager.o
                0x080004b0                comm_manager_init
 .text.onReceiveData
                0x08000588       0x24 ./Core/Src/comm_manager.o
                0x08000588                onReceiveData
 .text.comm_manager_send_data
                0x080005ac       0x78 ./Core/Src/comm_manager.o
                0x080005ac                comm_manager_send_data
 .text.comm_control
                0x08000624      0x11e ./Core/Src/comm_manager.o
                0x08000624                comm_control
 .text.onSendDone
                0x08000742       0x18 ./Core/Src/comm_manager.o
                0x08000742                onSendDone
 .text.crc16_init
                0x0800075a       0x1a ./Core/Src/crc16.o
                0x0800075a                crc16_init
 .text.crc16_byte_cal
                0x08000774       0x3c ./Core/Src/crc16.o
                0x08000774                crc16_byte_cal
 .text.log_init
                0x080007b0        0xc ./Core/Src/log.o
                0x080007b0                log_init
 .text.log_print
                0x080007bc       0x18 ./Core/Src/log.o
                0x080007bc                log_print
 .text.log_printf
                0x080007d4       0x4c ./Core/Src/log.o
                0x080007d4                log_printf
 .text.log_println
                0x08000820       0x24 ./Core/Src/log.o
                0x08000820                log_println
 .text.HAL_UART_RxCpltCallback
                0x08000844       0x40 ./Core/Src/main.o
                0x08000844                HAL_UART_RxCpltCallback
 .text.HAL_UART_TxCpltCallback
                0x08000884       0x28 ./Core/Src/main.o
                0x08000884                HAL_UART_TxCpltCallback
 .text.u32_to_str
                0x080008ac       0x30 ./Core/Src/main.o
                0x080008ac                u32_to_str
 .text.uart_send
                0x080008dc       0x24 ./Core/Src/main.o
                0x080008dc                uart_send
 .text.receive_callback
                0x08000900       0x68 ./Core/Src/main.o
                0x08000900                receive_callback
 .text.receive_fail_callback
                0x08000968       0x1c ./Core/Src/main.o
                0x08000968                receive_fail_callback
 .text.main     0x08000984       0xc4 ./Core/Src/main.o
                0x08000984                main
 .text.SystemClock_Config
                0x08000a48       0x76 ./Core/Src/main.o
                0x08000a48                SystemClock_Config
 *fill*         0x08000abe        0x2 
 .text.MX_USART1_UART_Init
                0x08000ac0       0x54 ./Core/Src/main.o
 .text.MX_GPIO_Init
                0x08000b14       0x80 ./Core/Src/main.o
 .text.Error_Handler
                0x08000b94        0xc ./Core/Src/main.o
                0x08000b94                Error_Handler
 .text.my_pack_data
                0x08000ba0      0x148 ./Core/Src/my_packer.o
                0x08000ba0                my_pack_data
 .text.my_unpack_data_state
                0x08000ce8      0x17c ./Core/Src/my_packer.o
                0x08000ce8                my_unpack_data_state
 .text.unit_packer_init_no_func
                0x08000e64       0x2a ./Core/Src/packer.o
                0x08000e64                unit_packer_init_no_func
 .text.queue_init
                0x08000e8e       0x4e ./Core/Src/queue.o
                0x08000e8e                queue_init
 .text.queue_pop
                0x08000edc       0x7a ./Core/Src/queue.o
                0x08000edc                queue_pop
 .text.queue_push_byte
                0x08000f56       0x6e ./Core/Src/queue.o
                0x08000f56                queue_push_byte
 .text.queue_push
                0x08000fc4       0x4a ./Core/Src/queue.o
                0x08000fc4                queue_push
 .text.queue_get_data_length
                0x0800100e       0x38 ./Core/Src/queue.o
                0x0800100e                queue_get_data_length
 *fill*         0x08001046        0x2 
 .text.HAL_MspInit
                0x08001048       0x64 ./Core/Src/stm32f1xx_hal_msp.o
                0x08001048                HAL_MspInit
 .text.HAL_UART_MspInit
                0x080010ac       0xa8 ./Core/Src/stm32f1xx_hal_msp.o
                0x080010ac                HAL_UART_MspInit
 .text.NMI_Handler
                0x08001154        0x8 ./Core/Src/stm32f1xx_it.o
                0x08001154                NMI_Handler
 .text.HardFault_Handler
                0x0800115c        0x8 ./Core/Src/stm32f1xx_it.o
                0x0800115c                HardFault_Handler
 .text.MemManage_Handler
                0x08001164        0x8 ./Core/Src/stm32f1xx_it.o
                0x08001164                MemManage_Handler
 .text.BusFault_Handler
                0x0800116c        0x8 ./Core/Src/stm32f1xx_it.o
                0x0800116c                BusFault_Handler
 .text.UsageFault_Handler
                0x08001174        0x8 ./Core/Src/stm32f1xx_it.o
                0x08001174                UsageFault_Handler
 .text.SVC_Handler
                0x0800117c        0xc ./Core/Src/stm32f1xx_it.o
                0x0800117c                SVC_Handler
 .text.DebugMon_Handler
                0x08001188        0xc ./Core/Src/stm32f1xx_it.o
                0x08001188                DebugMon_Handler
 .text.PendSV_Handler
                0x08001194        0xc ./Core/Src/stm32f1xx_it.o
                0x08001194                PendSV_Handler
 .text.SysTick_Handler
                0x080011a0        0xc ./Core/Src/stm32f1xx_it.o
                0x080011a0                SysTick_Handler
 .text.USART1_IRQHandler
                0x080011ac       0x14 ./Core/Src/stm32f1xx_it.o
                0x080011ac                USART1_IRQHandler
 .text._sbrk    0x080011c0       0x6c ./Core/Src/sysmem.o
                0x080011c0                _sbrk
 .text.SystemInit
                0x0800122c        0xc ./Core/Src/system_stm32f1xx.o
                0x0800122c                SystemInit
 .text.Reset_Handler
                0x08001238       0x48 ./Core/Startup/startup_stm32f103c8tx.o
                0x08001238                Reset_Handler
 .text.Default_Handler
                0x08001280        0x2 ./Core/Startup/startup_stm32f103c8tx.o
                0x08001280                RTC_Alarm_IRQHandler
                0x08001280                EXTI2_IRQHandler
                0x08001280                TIM1_CC_IRQHandler
                0x08001280                PVD_IRQHandler
                0x08001280                EXTI3_IRQHandler
                0x08001280                EXTI0_IRQHandler
                0x08001280                I2C2_EV_IRQHandler
                0x08001280                ADC1_2_IRQHandler
                0x08001280                SPI1_IRQHandler
                0x08001280                TAMPER_IRQHandler
                0x08001280                DMA1_Channel4_IRQHandler
                0x08001280                USART3_IRQHandler
                0x08001280                RTC_IRQHandler
                0x08001280                DMA1_Channel7_IRQHandler
                0x08001280                CAN1_RX1_IRQHandler
                0x08001280                TIM4_IRQHandler
                0x08001280                I2C1_EV_IRQHandler
                0x08001280                DMA1_Channel6_IRQHandler
                0x08001280                TIM3_IRQHandler
                0x08001280                RCC_IRQHandler
                0x08001280                TIM1_TRG_COM_IRQHandler
                0x08001280                DMA1_Channel1_IRQHandler
                0x08001280                Default_Handler
                0x08001280                EXTI15_10_IRQHandler
                0x08001280                EXTI9_5_IRQHandler
                0x08001280                SPI2_IRQHandler
                0x08001280                DMA1_Channel5_IRQHandler
                0x08001280                EXTI4_IRQHandler
                0x08001280                USB_LP_CAN1_RX0_IRQHandler
                0x08001280                USB_HP_CAN1_TX_IRQHandler
                0x08001280                DMA1_Channel3_IRQHandler
                0x08001280                TIM1_UP_IRQHandler
                0x08001280                WWDG_IRQHandler
                0x08001280                TIM2_IRQHandler
                0x08001280                TIM1_BRK_IRQHandler
                0x08001280                EXTI1_IRQHandler
                0x08001280                USART2_IRQHandler
                0x08001280                I2C2_ER_IRQHandler
                0x08001280                DMA1_Channel2_IRQHandler
                0x08001280                CAN1_SCE_IRQHandler
                0x08001280                FLASH_IRQHandler
                0x08001280                I2C1_ER_IRQHandler
                0x08001280                USBWakeUp_IRQHandler
 *fill*         0x08001282        0x2 
 .text.HAL_Init
                0x08001284       0x2c ./Drivers/STM32F1xx_HAL_Driver/Src/stm32f1xx_hal.o
                0x08001284                HAL_Init
 .text.HAL_InitTick
                0x080012b0       0x60 ./Drivers/STM32F1xx_HAL_Driver/Src/stm32f1xx_hal.o
                0x080012b0                HAL_InitTick
 .text.HAL_IncTick
                0x08001310       0x24 ./Drivers/STM32F1xx_HAL_Driver/Src/stm32f1xx_hal.o
                0x08001310                HAL_IncTick
 .text.HAL_GetTick
                0x08001334       0x14 ./Drivers/STM32F1xx_HAL_Driver/Src/stm32f1xx_hal.o
                0x08001334                HAL_GetTick
 .text.__NVIC_SetPriorityGrouping
                0x08001348       0x48 ./Drivers/STM32F1xx_HAL_Driver/Src/stm32f1xx_hal_cortex.o
 .text.__NVIC_GetPriorityGrouping
                0x08001390       0x1c ./Drivers/STM32F1xx_HAL_Driver/Src/stm32f1xx_hal_cortex.o
 .text.__NVIC_EnableIRQ
                0x080013ac       0x38 ./Drivers/STM32F1xx_HAL_Driver/Src/stm32f1xx_hal_cortex.o
 .text.__NVIC_SetPriority
                0x080013e4       0x54 ./Drivers/STM32F1xx_HAL_Driver/Src/stm32f1xx_hal_cortex.o
 .text.NVIC_EncodePriority
                0x08001438       0x64 ./Drivers/STM32F1xx_HAL_Driver/Src/stm32f1xx_hal_cortex.o
 .text.SysTick_Config
                0x0800149c       0x44 ./Drivers/STM32F1xx_HAL_Driver/Src/stm32f1xx_hal_cortex.o
 .text.HAL_NVIC_SetPriorityGrouping
                0x080014e0       0x16 ./Drivers/STM32F1xx_HAL_Driver/Src/stm32f1xx_hal_cortex.o
                0x080014e0                HAL_NVIC_SetPriorityGrouping
 .text.HAL_NVIC_SetPriority
                0x080014f6       0x38 ./Drivers/STM32F1xx_HAL_Driver/Src/stm32f1xx_hal_cortex.o
                0x080014f6                HAL_NVIC_SetPriority
 .text.HAL_NVIC_EnableIRQ
                0x0800152e       0x1c ./Drivers/STM32F1xx_HAL_Driver/Src/stm32f1xx_hal_cortex.o
                0x0800152e                HAL_NVIC_EnableIRQ
 .text.HAL_SYSTICK_Config
                0x0800154a       0x18 ./Drivers/STM32F1xx_HAL_Driver/Src/stm32f1xx_hal_cortex.o
                0x0800154a                HAL_SYSTICK_Config
 .text.HAL_DMA_Abort
                0x08001562       0x76 ./Drivers/STM32F1xx_HAL_Driver/Src/stm32f1xx_hal_dma.o
                0x08001562                HAL_DMA_Abort
 .text.HAL_DMA_Abort_IT
                0x080015d8       0xf0 ./Drivers/STM32F1xx_HAL_Driver/Src/stm32f1xx_hal_dma.o
                0x080015d8                HAL_DMA_Abort_IT
 .text.HAL_GPIO_Init
                0x080016c8      0x308 ./Drivers/STM32F1xx_HAL_Driver/Src/stm32f1xx_hal_gpio.o
                0x080016c8                HAL_GPIO_Init
 .text.HAL_GPIO_WritePin
                0x080019d0       0x30 ./Drivers/STM32F1xx_HAL_Driver/Src/stm32f1xx_hal_gpio.o
                0x080019d0                HAL_GPIO_WritePin
 .text.HAL_RCC_OscConfig
                0x08001a00      0x504 ./Drivers/STM32F1xx_HAL_Driver/Src/stm32f1xx_hal_rcc.o
                0x08001a00                HAL_RCC_OscConfig
 .text.HAL_RCC_ClockConfig
                0x08001f04      0x1d4 ./Drivers/STM32F1xx_HAL_Driver/Src/stm32f1xx_hal_rcc.o
                0x08001f04                HAL_RCC_ClockConfig
 .text.HAL_RCC_GetSysClockFreq
                0x080020d8       0xa8 ./Drivers/STM32F1xx_HAL_Driver/Src/stm32f1xx_hal_rcc.o
                0x080020d8                HAL_RCC_GetSysClockFreq
 .text.HAL_RCC_GetHCLKFreq
                0x08002180       0x14 ./Drivers/STM32F1xx_HAL_Driver/Src/stm32f1xx_hal_rcc.o
                0x08002180                HAL_RCC_GetHCLKFreq
 .text.HAL_RCC_GetPCLK1Freq
                0x08002194       0x28 ./Drivers/STM32F1xx_HAL_Driver/Src/stm32f1xx_hal_rcc.o
                0x08002194                HAL_RCC_GetPCLK1Freq
 .text.HAL_RCC_GetPCLK2Freq
                0x080021bc       0x28 ./Drivers/STM32F1xx_HAL_Driver/Src/stm32f1xx_hal_rcc.o
                0x080021bc                HAL_RCC_GetPCLK2Freq
 .text.RCC_Delay
                0x080021e4       0x3c ./Drivers/STM32F1xx_HAL_Driver/Src/stm32f1xx_hal_rcc.o
 .text.HAL_UART_Init
                0x08002220       0xa0 ./Drivers/STM32F1xx_HAL_Driver/Src/stm32f1xx_hal_uart.o
                0x08002220                HAL_UART_Init
 .text.HAL_UART_Transmit_IT
                0x080022c0       0x6a ./Drivers/STM32F1xx_HAL_Driver/Src/stm32f1xx_hal_uart.o
                0x080022c0                HAL_UART_Transmit_IT
 .text.HAL_UART_Receive_IT
                0x0800232a       0x4a ./Drivers/STM32F1xx_HAL_Driver/Src/stm32f1xx_hal_uart.o
                0x0800232a                HAL_UART_Receive_IT
 .text.HAL_UART_IRQHandler
                0x08002374      0x524 ./Drivers/STM32F1xx_HAL_Driver/Src/stm32f1xx_hal_uart.o
                0x08002374                HAL_UART_IRQHandler
 .text.HAL_UART_ErrorCallback
                0x08002898       0x12 ./Drivers/STM32F1xx_HAL_Driver/Src/stm32f1xx_hal_uart.o
                0x08002898                HAL_UART_ErrorCallback
 .text.HAL_UARTEx_RxEventCallback
                0x080028aa       0x16 ./Drivers/STM32F1xx_HAL_Driver/Src/stm32f1xx_hal_uart.o
                0x080028aa                HAL_UARTEx_RxEventCallback
 .text.UART_Start_Receive_IT
                0x080028c0       0x72 ./Drivers/STM32F1xx_HAL_Driver/Src/stm32f1xx_hal_uart.o
                0x080028c0                UART_Start_Receive_IT
 .text.UART_EndRxTransfer
                0x08002932       0xc4 ./Drivers/STM32F1xx_HAL_Driver/Src/stm32f1xx_hal_uart.o
 .text.UART_DMAAbortOnError
                0x080029f6       0x28 ./Drivers/STM32F1xx_HAL_Driver/Src/stm32f1xx_hal_uart.o
 .text.UART_Transmit_IT
                0x08002a1e       0x9e ./Drivers/STM32F1xx_HAL_Driver/Src/stm32f1xx_hal_uart.o
 .text.UART_EndTransmit_IT
                0x08002abc       0x30 ./Drivers/STM32F1xx_HAL_Driver/Src/stm32f1xx_hal_uart.o
 .text.UART_Receive_IT
                0x08002aec      0x17c ./Drivers/STM32F1xx_HAL_Driver/Src/stm32f1xx_hal_uart.o
 .text.UART_SetConfig
                0x08002c68      0x11c ./Drivers/STM32F1xx_HAL_Driver/Src/stm32f1xx_hal_uart.o
 .text.calloc   0x08002d84       0x10 C:/ST/STM32CubeIDE_1.19.0/STM32CubeIDE/plugins/com.st.stm32cube.ide.mcu.externaltools.gnu-tools-for-stm32.13.3.rel1.win32_1.0.0.202411081344/tools/bin/../lib/gcc/arm-none-eabi/13.3.1/../../../../arm-none-eabi/lib/thumb/v7-m/nofp\libc_nano.a(libc_a-calloc.o)
                0x08002d84                calloc
 .text._calloc_r
                0x08002d94       0x28 C:/ST/STM32CubeIDE_1.19.0/STM32CubeIDE/plugins/com.st.stm32cube.ide.mcu.externaltools.gnu-tools-for-stm32.13.3.rel1.win32_1.0.0.202411081344/tools/bin/../lib/gcc/arm-none-eabi/13.3.1/../../../../arm-none-eabi/lib/thumb/v7-m/nofp\libc_nano.a(libc_a-callocr.o)
                0x08002d94                _calloc_r
 .text.sbrk_aligned
                0x08002dbc       0x44 C:/ST/STM32CubeIDE_1.19.0/STM32CubeIDE/plugins/com.st.stm32cube.ide.mcu.externaltools.gnu-tools-for-stm32.13.3.rel1.win32_1.0.0.202411081344/tools/bin/../lib/gcc/arm-none-eabi/13.3.1/../../../../arm-none-eabi/lib/thumb/v7-m/nofp\libc_nano.a(libc_a-mallocr.o)
 .text._malloc_r
                0x08002e00      0x100 C:/ST/STM32CubeIDE_1.19.0/STM32CubeIDE/plugins/com.st.stm32cube.ide.mcu.externaltools.gnu-tools-for-stm32.13.3.rel1.win32_1.0.0.202411081344/tools/bin/../lib/gcc/arm-none-eabi/13.3.1/../../../../arm-none-eabi/lib/thumb/v7-m/nofp\libc_nano.a(libc_a-mallocr.o)
                0x08002e00                _malloc_r
 .text.__malloc_lock
                0x08002f00        0xc C:/ST/STM32CubeIDE_1.19.0/STM32CubeIDE/plugins/com.st.stm32cube.ide.mcu.externaltools.gnu-tools-for-stm32.13.3.rel1.win32_1.0.0.202411081344/tools/bin/../lib/gcc/arm-none-eabi/13.3.1/../../../../arm-none-eabi/lib/thumb/v7-m/nofp\libc_nano.a(libc_a-mlock.o)
                0x08002f00                __malloc_lock
 .text.__malloc_unlock
                0x08002f0c        0xc C:/ST/STM32CubeIDE_1.19.0/STM32CubeIDE/plugins/com.st.stm32cube.ide.mcu.externaltools.gnu-tools-for-stm32.13.3.rel1.win32_1.0.0.202411081344/tools/bin/../lib/gcc/arm-none-eabi/13.3.1/../../../../arm-none-eabi/lib/thumb/v7-m/nofp\libc_nano.a(libc_a-mlock.o)
                0x08002f0c                __malloc_unlock
 .text.sprintf  0x08002f18       0x44 C:/ST/STM32CubeIDE_1.19.0/STM32CubeIDE/plugins/com.st.stm32cube.ide.mcu.externaltools.gnu-tools-for-stm32.13.3.rel1.win32_1.0.0.202411081344/tools/bin/../lib/gcc/arm-none-eabi/13.3.1/../../../../arm-none-eabi/lib/thumb/v7-m/nofp\libc_nano.a(libc_a-sprintf.o)
                0x08002f18                siprintf
                0x08002f18                sprintf
 .text._vsnprintf_r
                0x08002f5c       0x5c C:/ST/STM32CubeIDE_1.19.0/STM32CubeIDE/plugins/com.st.stm32cube.ide.mcu.externaltools.gnu-tools-for-stm32.13.3.rel1.win32_1.0.0.202411081344/tools/bin/../lib/gcc/arm-none-eabi/13.3.1/../../../../arm-none-eabi/lib/thumb/v7-m/nofp\libc_nano.a(libc_a-vsnprintf.o)
                0x08002f5c                _vsniprintf_r
                0x08002f5c                _vsnprintf_r
 .text.vsnprintf
                0x08002fb8       0x1c C:/ST/STM32CubeIDE_1.19.0/STM32CubeIDE/plugins/com.st.stm32cube.ide.mcu.externaltools.gnu-tools-for-stm32.13.3.rel1.win32_1.0.0.202411081344/tools/bin/../lib/gcc/arm-none-eabi/13.3.1/../../../../arm-none-eabi/lib/thumb/v7-m/nofp\libc_nano.a(libc_a-vsnprintf.o)
                0x08002fb8                vsniprintf
                0x08002fb8                vsnprintf
 .text.memset   0x08002fd4       0x10 C:/ST/STM32CubeIDE_1.19.0/STM32CubeIDE/plugins/com.st.stm32cube.ide.mcu.externaltools.gnu-tools-for-stm32.13.3.rel1.win32_1.0.0.202411081344/tools/bin/../lib/gcc/arm-none-eabi/13.3.1/../../../../arm-none-eabi/lib/thumb/v7-m/nofp\libc_nano.a(libc_a-memset.o)
                0x08002fd4                memset
 .text._sbrk_r  0x08002fe4       0x20 C:/ST/STM32CubeIDE_1.19.0/STM32CubeIDE/plugins/com.st.stm32cube.ide.mcu.externaltools.gnu-tools-for-stm32.13.3.rel1.win32_1.0.0.202411081344/tools/bin/../lib/gcc/arm-none-eabi/13.3.1/../../../../arm-none-eabi/lib/thumb/v7-m/nofp\libc_nano.a(libc_a-sbrkr.o)
                0x08002fe4                _sbrk_r
 .text.__errno  0x08003004        0xc C:/ST/STM32CubeIDE_1.19.0/STM32CubeIDE/plugins/com.st.stm32cube.ide.mcu.externaltools.gnu-tools-for-stm32.13.3.rel1.win32_1.0.0.202411081344/tools/bin/../lib/gcc/arm-none-eabi/13.3.1/../../../../arm-none-eabi/lib/thumb/v7-m/nofp\libc_nano.a(libc_a-errno.o)
                0x08003004                __errno
 .text.__libc_init_array
                0x08003010       0x48 C:/ST/STM32CubeIDE_1.19.0/STM32CubeIDE/plugins/com.st.stm32cube.ide.mcu.externaltools.gnu-tools-for-stm32.13.3.rel1.win32_1.0.0.202411081344/tools/bin/../lib/gcc/arm-none-eabi/13.3.1/../../../../arm-none-eabi/lib/thumb/v7-m/nofp\libc_nano.a(libc_a-init.o)
                0x08003010                __libc_init_array
 .text.__retarget_lock_acquire_recursive
                0x08003058        0x2 C:/ST/STM32CubeIDE_1.19.0/STM32CubeIDE/plugins/com.st.stm32cube.ide.mcu.externaltools.gnu-tools-for-stm32.13.3.rel1.win32_1.0.0.202411081344/tools/bin/../lib/gcc/arm-none-eabi/13.3.1/../../../../arm-none-eabi/lib/thumb/v7-m/nofp\libc_nano.a(libc_a-lock.o)
                0x08003058                __retarget_lock_acquire_recursive
 .text.__retarget_lock_release_recursive
                0x0800305a        0x2 C:/ST/STM32CubeIDE_1.19.0/STM32CubeIDE/plugins/com.st.stm32cube.ide.mcu.externaltools.gnu-tools-for-stm32.13.3.rel1.win32_1.0.0.202411081344/tools/bin/../lib/gcc/arm-none-eabi/13.3.1/../../../../arm-none-eabi/lib/thumb/v7-m/nofp\libc_nano.a(libc_a-lock.o)
                0x0800305a                __retarget_lock_release_recursive
 .text.memcpy   0x0800305c       0x1c C:/ST/STM32CubeIDE_1.19.0/STM32CubeIDE/plugins/com.st.stm32cube.ide.mcu.externaltools.gnu-tools-for-stm32.13.3.rel1.win32_1.0.0.202411081344/tools/bin/../lib/gcc/arm-none-eabi/13.3.1/../../../../arm-none-eabi/lib/thumb/v7-m/nofp\libc_nano.a(libc_a-memcpy-stub.o)
                0x0800305c                memcpy
 .text._free_r  0x08003078       0x90 C:/ST/STM32CubeIDE_1.19.0/STM32CubeIDE/plugins/com.st.stm32cube.ide.mcu.externaltools.gnu-tools-for-stm32.13.3.rel1.win32_1.0.0.202411081344/tools/bin/../lib/gcc/arm-none-eabi/13.3.1/../../../../arm-none-eabi/lib/thumb/v7-m/nofp\libc_nano.a(libc_a-freer.o)
                0x08003078                _free_r
 .text.__ssputs_r
                0x08003108       0xb6 C:/ST/STM32CubeIDE_1.19.0/STM32CubeIDE/plugins/com.st.stm32cube.ide.mcu.externaltools.gnu-tools-for-stm32.13.3.rel1.win32_1.0.0.202411081344/tools/bin/../lib/gcc/arm-none-eabi/13.3.1/../../../../arm-none-eabi/lib/thumb/v7-m/nofp\libc_nano.a(libc_a-nano-svfprintf.o)
                0x08003108                __ssputs_r
 *fill*         0x080031be        0x2 
 .text._svfprintf_r
                0x080031c0      0x1f8 C:/ST/STM32CubeIDE_1.19.0/STM32CubeIDE/plugins/com.st.stm32cube.ide.mcu.externaltools.gnu-tools-for-stm32.13.3.rel1.win32_1.0.0.202411081344/tools/bin/../lib/gcc/arm-none-eabi/13.3.1/../../../../arm-none-eabi/lib/thumb/v7-m/nofp\libc_nano.a(libc_a-nano-svfprintf.o)
                0x080031c0                _svfiprintf_r
                0x080031c0                _svfprintf_r
 .text._printf_common
                0x080033b8       0xe4 C:/ST/STM32CubeIDE_1.19.0/STM32CubeIDE/plugins/com.st.stm32cube.ide.mcu.externaltools.gnu-tools-for-stm32.13.3.rel1.win32_1.0.0.202411081344/tools/bin/../lib/gcc/arm-none-eabi/13.3.1/../../../../arm-none-eabi/lib/thumb/v7-m/nofp\libc_nano.a(libc_a-nano-vfprintf_i.o)
                0x080033b8                _printf_common
 .text._printf_i
                0x0800349c      0x23c C:/ST/STM32CubeIDE_1.19.0/STM32CubeIDE/plugins/com.st.stm32cube.ide.mcu.externaltools.gnu-tools-for-stm32.13.3.rel1.win32_1.0.0.202411081344/tools/bin/../lib/gcc/arm-none-eabi/13.3.1/../../../../arm-none-eabi/lib/thumb/v7-m/nofp\libc_nano.a(libc_a-nano-vfprintf_i.o)
                0x0800349c                _printf_i
 .text.memmove  0x080036d8       0x34 C:/ST/STM32CubeIDE_1.19.0/STM32CubeIDE/plugins/com.st.stm32cube.ide.mcu.externaltools.gnu-tools-for-stm32.13.3.rel1.win32_1.0.0.202411081344/tools/bin/../lib/gcc/arm-none-eabi/13.3.1/../../../../arm-none-eabi/lib/thumb/v7-m/nofp\libc_nano.a(libc_a-memmove.o)
                0x080036d8                memmove
 .text.memchr   0x0800370c       0x1c C:/ST/STM32CubeIDE_1.19.0/STM32CubeIDE/plugins/com.st.stm32cube.ide.mcu.externaltools.gnu-tools-for-stm32.13.3.rel1.win32_1.0.0.202411081344/tools/bin/../lib/gcc/arm-none-eabi/13.3.1/../../../../arm-none-eabi/lib/thumb/v7-m/nofp\libc_nano.a(libc_a-memchr-stub.o)
                0x0800370c                memchr
 .text._realloc_r
                0x08003728       0x5c C:/ST/STM32CubeIDE_1.19.0/STM32CubeIDE/plugins/com.st.stm32cube.ide.mcu.externaltools.gnu-tools-for-stm32.13.3.rel1.win32_1.0.0.202411081344/tools/bin/../lib/gcc/arm-none-eabi/13.3.1/../../../../arm-none-eabi/lib/thumb/v7-m/nofp\libc_nano.a(libc_a-reallocr.o)
                0x08003728                _realloc_r
 .text._malloc_usable_size_r
                0x08003784       0x10 C:/ST/STM32CubeIDE_1.19.0/STM32CubeIDE/plugins/com.st.stm32cube.ide.mcu.externaltools.gnu-tools-for-stm32.13.3.rel1.win32_1.0.0.202411081344/tools/bin/../lib/gcc/arm-none-eabi/13.3.1/../../../../arm-none-eabi/lib/thumb/v7-m/nofp\libc_nano.a(libc_a-msizer.o)
                0x08003784                _malloc_usable_size_r
 *(.glue_7)
 .glue_7        0x08003794        0x0 linker stubs
 *(.glue_7t)
 .glue_7t       0x08003794        0x0 linker stubs
 *(.eh_frame)
 .eh_frame      0x08003794        0x0 C:/ST/STM32CubeIDE_1.19.0/STM32CubeIDE/plugins/com.st.stm32cube.ide.mcu.externaltools.gnu-tools-for-stm32.13.3.rel1.win32_1.0.0.202411081344/tools/bin/../lib/gcc/arm-none-eabi/13.3.1/thumb/v7-m/nofp/crtbegin.o
 *(.init)
 .init          0x08003794        0x4 C:/ST/STM32CubeIDE_1.19.0/STM32CubeIDE/plugins/com.st.stm32cube.ide.mcu.externaltools.gnu-tools-for-stm32.13.3.rel1.win32_1.0.0.202411081344/tools/bin/../lib/gcc/arm-none-eabi/13.3.1/thumb/v7-m/nofp/crti.o
                0x08003794                _init
 .init          0x08003798        0x8 C:/ST/STM32CubeIDE_1.19.0/STM32CubeIDE/plugins/com.st.stm32cube.ide.mcu.externaltools.gnu-tools-for-stm32.13.3.rel1.win32_1.0.0.202411081344/tools/bin/../lib/gcc/arm-none-eabi/13.3.1/thumb/v7-m/nofp/crtn.o
 *(.fini)
 .fini          0x080037a0        0x4 C:/ST/STM32CubeIDE_1.19.0/STM32CubeIDE/plugins/com.st.stm32cube.ide.mcu.externaltools.gnu-tools-for-stm32.13.3.rel1.win32_1.0.0.202411081344/tools/bin/../lib/gcc/arm-none-eabi/13.3.1/thumb/v7-m/nofp/crti.o
                0x080037a0                _fini
 .fini          0x080037a4        0x8 C:/ST/STM32CubeIDE_1.19.0/STM32CubeIDE/plugins/com.st.stm32cube.ide.mcu.externaltools.gnu-tools-for-stm32.13.3.rel1.win32_1.0.0.202411081344/tools/bin/../lib/gcc/arm-none-eabi/13.3.1/thumb/v7-m/nofp/crtn.o
                0x080037ac                        . = ALIGN (0x4)
                0x080037ac                        _etext = .

.vfp11_veneer   0x080037ac        0x0
 .vfp11_veneer  0x080037ac        0x0 linker stubs

.v4_bx          0x080037ac        0x0
 .v4_bx         0x080037ac        0x0 linker stubs

.iplt           0x080037ac        0x0
 .iplt          0x080037ac        0x0 C:/ST/STM32CubeIDE_1.19.0/STM32CubeIDE/plugins/com.st.stm32cube.ide.mcu.externaltools.gnu-tools-for-stm32.13.3.rel1.win32_1.0.0.202411081344/tools/bin/../lib/gcc/arm-none-eabi/13.3.1/thumb/v7-m/nofp/crtbegin.o

.rodata         0x080037ac      0x49c
                0x080037ac                        . = ALIGN (0x4)
 *(.rodata)
 .rodata        0x080037ac        0x9 ./Core/Src/SEGGER_RTT.o
 *fill*         0x080037b5        0x3 
 .rodata        0x080037b8       0xd8 ./Core/Src/comm_manager.o
 .rodata        0x08003890        0x3 ./Core/Src/log.o
 *fill*         0x08003893        0x1 
 .rodata        0x08003894       0x43 ./Core/Src/main.o
 *fill*         0x080038d7        0x1 
 .rodata        0x080038d8       0xf9 ./Core/Src/my_packer.o
 *(.rodata*)
 *fill*         0x080039d1        0x3 
 .rodata._aInitStr.0
                0x080039d4       0x11 ./Core/Src/SEGGER_RTT.o
 *fill*         0x080039e5        0x3 
 .rodata.crc_table
                0x080039e8      0x200 ./Core/Src/crc16.o
                0x080039e8                crc_table
 .rodata.AHBPrescTable
                0x08003be8       0x10 ./Core/Src/system_stm32f1xx.o
                0x08003be8                AHBPrescTable
 .rodata.APBPrescTable
                0x08003bf8        0x8 ./Core/Src/system_stm32f1xx.o
                0x08003bf8                APBPrescTable
 .rodata.aPLLMULFactorTable.1
                0x08003c00       0x10 ./Drivers/STM32F1xx_HAL_Driver/Src/stm32f1xx_hal_rcc.o
 .rodata.aPredivFactorTable.0
                0x08003c10        0x2 ./Drivers/STM32F1xx_HAL_Driver/Src/stm32f1xx_hal_rcc.o
 .rodata._svfprintf_r.str1.1
                0x08003c12       0x33 C:/ST/STM32CubeIDE_1.19.0/STM32CubeIDE/plugins/com.st.stm32cube.ide.mcu.externaltools.gnu-tools-for-stm32.13.3.rel1.win32_1.0.0.202411081344/tools/bin/../lib/gcc/arm-none-eabi/13.3.1/../../../../arm-none-eabi/lib/thumb/v7-m/nofp\libc_nano.a(libc_a-nano-svfprintf.o)
                                 0x11 (size before relaxing)
 .rodata._printf_i.str1.1
                0x08003c45       0x22 C:/ST/STM32CubeIDE_1.19.0/STM32CubeIDE/plugins/com.st.stm32cube.ide.mcu.externaltools.gnu-tools-for-stm32.13.3.rel1.win32_1.0.0.202411081344/tools/bin/../lib/gcc/arm-none-eabi/13.3.1/../../../../arm-none-eabi/lib/thumb/v7-m/nofp\libc_nano.a(libc_a-nano-vfprintf_i.o)
                0x08003c68                        . = ALIGN (0x4)
 *fill*         0x08003c45        0x3 

.ARM.extab      0x08003c48        0x0
                0x08003c48                        . = ALIGN (0x4)
 *(.ARM.extab* .gnu.linkonce.armextab.*)
                0x08003c48                        . = ALIGN (0x4)

.ARM            0x08003c48        0x8
                0x08003c48                        . = ALIGN (0x4)
                0x08003c48                        __exidx_start = .
 *(.ARM.exidx*)
 .ARM.exidx     0x08003c48        0x8 C:/ST/STM32CubeIDE_1.19.0/STM32CubeIDE/plugins/com.st.stm32cube.ide.mcu.externaltools.gnu-tools-for-stm32.13.3.rel1.win32_1.0.0.202411081344/tools/bin/../lib/gcc/arm-none-eabi/13.3.1/../../../../arm-none-eabi/lib/thumb/v7-m/nofp\libc_nano.a(libc_a-strlen.o)
                0x08003c50                        __exidx_end = .
                0x08003c50                        . = ALIGN (0x4)

.preinit_array  0x08003c50        0x0
                0x08003c50                        . = ALIGN (0x4)
                0x08003c50                        PROVIDE (__preinit_array_start = .)
 *(.preinit_array*)
                0x08003c50                        PROVIDE (__preinit_array_end = .)
                0x08003c50                        . = ALIGN (0x4)

.init_array     0x08003c50        0x4
                0x08003c50                        . = ALIGN (0x4)
                0x08003c50                        PROVIDE (__init_array_start = .)
 *(SORT_BY_NAME(.init_array.*))
 *(.init_array*)
 .init_array    0x08003c50        0x4 C:/ST/STM32CubeIDE_1.19.0/STM32CubeIDE/plugins/com.st.stm32cube.ide.mcu.externaltools.gnu-tools-for-stm32.13.3.rel1.win32_1.0.0.202411081344/tools/bin/../lib/gcc/arm-none-eabi/13.3.1/thumb/v7-m/nofp/crtbegin.o
                0x08003c54                        PROVIDE (__init_array_end = .)
                0x08003c54                        . = ALIGN (0x4)

.fini_array     0x08003c54        0x4
                0x08003c54                        . = ALIGN (0x4)
                [!provide]                        PROVIDE (__fini_array_start = .)
 *(SORT_BY_NAME(.fini_array.*))
 *(.fini_array*)
 .fini_array    0x08003c54        0x4 C:/ST/STM32CubeIDE_1.19.0/STM32CubeIDE/plugins/com.st.stm32cube.ide.mcu.externaltools.gnu-tools-for-stm32.13.3.rel1.win32_1.0.0.202411081344/tools/bin/../lib/gcc/arm-none-eabi/13.3.1/thumb/v7-m/nofp/crtbegin.o
                [!provide]                        PROVIDE (__fini_array_end = .)
                0x08003c58                        . = ALIGN (0x4)
                0x08003c58                        _sidata = LOADADDR (.data)

.rel.dyn        0x08003c58        0x0
 .rel.iplt      0x08003c58        0x0 C:/ST/STM32CubeIDE_1.19.0/STM32CubeIDE/plugins/com.st.stm32cube.ide.mcu.externaltools.gnu-tools-for-stm32.13.3.rel1.win32_1.0.0.202411081344/tools/bin/../lib/gcc/arm-none-eabi/13.3.1/thumb/v7-m/nofp/crtbegin.o

.data           0x20000000       0x6c load address 0x08003c58
                0x20000000                        . = ALIGN (0x4)
                0x20000000                        _sdata = .
 *(.data)
 *(.data*)
 .data.uartPacker
                0x20000000       0x10 ./Core/Src/main.o
                0x20000000                uartPacker
 .data.SystemCoreClock
                0x20000010        0x4 ./Core/Src/system_stm32f1xx.o
                0x20000010                SystemCoreClock
 .data.uwTickPrio
                0x20000014        0x4 ./Drivers/STM32F1xx_HAL_Driver/Src/stm32f1xx_hal.o
                0x20000014                uwTickPrio
 .data.uwTickFreq
                0x20000018        0x1 ./Drivers/STM32F1xx_HAL_Driver/Src/stm32f1xx_hal.o
                0x20000018                uwTickFreq
 *fill*         0x20000019        0x3 
 .data._impure_ptr
                0x2000001c        0x4 C:/ST/STM32CubeIDE_1.19.0/STM32CubeIDE/plugins/com.st.stm32cube.ide.mcu.externaltools.gnu-tools-for-stm32.13.3.rel1.win32_1.0.0.202411081344/tools/bin/../lib/gcc/arm-none-eabi/13.3.1/../../../../arm-none-eabi/lib/thumb/v7-m/nofp\libc_nano.a(libc_a-impure.o)
                0x2000001c                _impure_ptr
 .data._impure_data
                0x20000020       0x4c C:/ST/STM32CubeIDE_1.19.0/STM32CubeIDE/plugins/com.st.stm32cube.ide.mcu.externaltools.gnu-tools-for-stm32.13.3.rel1.win32_1.0.0.202411081344/tools/bin/../lib/gcc/arm-none-eabi/13.3.1/../../../../arm-none-eabi/lib/thumb/v7-m/nofp\libc_nano.a(libc_a-impure.o)
                0x20000020                _impure_data
 *(.RamFunc)
 *(.RamFunc*)
                0x2000006c                        . = ALIGN (0x4)
                0x2000006c                        _edata = .

.igot.plt       0x2000006c        0x0 load address 0x08003cc4
 .igot.plt      0x2000006c        0x0 C:/ST/STM32CubeIDE_1.19.0/STM32CubeIDE/plugins/com.st.stm32cube.ide.mcu.externaltools.gnu-tools-for-stm32.13.3.rel1.win32_1.0.0.202411081344/tools/bin/../lib/gcc/arm-none-eabi/13.3.1/thumb/v7-m/nofp/crtbegin.o
                0x2000006c                        . = ALIGN (0x4)

.bss            0x2000006c      0x6c8 load address 0x08003cc4
                0x2000006c                        _sbss = .
                0x2000006c                        __bss_start__ = _sbss
 *(.bss)
 .bss           0x2000006c       0x1c C:/ST/STM32CubeIDE_1.19.0/STM32CubeIDE/plugins/com.st.stm32cube.ide.mcu.externaltools.gnu-tools-for-stm32.13.3.rel1.win32_1.0.0.202411081344/tools/bin/../lib/gcc/arm-none-eabi/13.3.1/thumb/v7-m/nofp/crtbegin.o
 *(.bss*)
 .bss._SEGGER_RTT
                0x20000088       0xa8 ./Core/Src/SEGGER_RTT.o
                0x20000088                _SEGGER_RTT
 .bss._acUpBuffer
                0x20000130      0x400 ./Core/Src/SEGGER_RTT.o
 .bss._acDownBuffer
                0x20000530       0x10 ./Core/Src/SEGGER_RTT.o
 .bss.sending.0
                0x20000540        0x1 ./Core/Src/comm_manager.o
 *fill*         0x20000541        0x3 
 .bss.huart1    0x20000544       0x48 ./Core/Src/main.o
                0x20000544                huart1
 .bss.now       0x2000058c        0x4 ./Core/Src/main.o
 .bss.total_payload
                0x20000590        0x4 ./Core/Src/main.o
 .bss.total_packet
                0x20000594        0x4 ./Core/Src/main.o
 .bss.receiveByte
                0x20000598        0x1 ./Core/Src/main.o
 *fill*         0x20000599        0x3 
 .bss.uart1Com  0x2000059c       0x34 ./Core/Src/main.o
                0x2000059c                uart1Com
 .bss.buffer    0x200005d0       0x14 ./Core/Src/main.o
                0x200005d0                buffer
 .bss.__sbrk_heap_end
                0x200005e4        0x4 ./Core/Src/sysmem.o
 .bss.uwTick    0x200005e8        0x4 ./Drivers/STM32F1xx_HAL_Driver/Src/stm32f1xx_hal.o
                0x200005e8                uwTick
 .bss.__malloc_sbrk_start
                0x200005ec        0x4 C:/ST/STM32CubeIDE_1.19.0/STM32CubeIDE/plugins/com.st.stm32cube.ide.mcu.externaltools.gnu-tools-for-stm32.13.3.rel1.win32_1.0.0.202411081344/tools/bin/../lib/gcc/arm-none-eabi/13.3.1/../../../../arm-none-eabi/lib/thumb/v7-m/nofp\libc_nano.a(libc_a-mallocr.o)
                0x200005ec                __malloc_sbrk_start
 .bss.__malloc_free_list
                0x200005f0        0x4 C:/ST/STM32CubeIDE_1.19.0/STM32CubeIDE/plugins/com.st.stm32cube.ide.mcu.externaltools.gnu-tools-for-stm32.13.3.rel1.win32_1.0.0.202411081344/tools/bin/../lib/gcc/arm-none-eabi/13.3.1/../../../../arm-none-eabi/lib/thumb/v7-m/nofp\libc_nano.a(libc_a-mallocr.o)
                0x200005f0                __malloc_free_list
 .bss.__sf      0x200005f4      0x138 C:/ST/STM32CubeIDE_1.19.0/STM32CubeIDE/plugins/com.st.stm32cube.ide.mcu.externaltools.gnu-tools-for-stm32.13.3.rel1.win32_1.0.0.202411081344/tools/bin/../lib/gcc/arm-none-eabi/13.3.1/../../../../arm-none-eabi/lib/thumb/v7-m/nofp\libc_nano.a(libc_a-findfp.o)
                0x200005f4                __sf
 .bss.errno     0x2000072c        0x4 C:/ST/STM32CubeIDE_1.19.0/STM32CubeIDE/plugins/com.st.stm32cube.ide.mcu.externaltools.gnu-tools-for-stm32.13.3.rel1.win32_1.0.0.202411081344/tools/bin/../lib/gcc/arm-none-eabi/13.3.1/../../../../arm-none-eabi/lib/thumb/v7-m/nofp\libc_nano.a(libc_a-reent.o)
                0x2000072c                errno
 .bss.__lock___malloc_recursive_mutex
                0x20000730        0x1 C:/ST/STM32CubeIDE_1.19.0/STM32CubeIDE/plugins/com.st.stm32cube.ide.mcu.externaltools.gnu-tools-for-stm32.13.3.rel1.win32_1.0.0.202411081344/tools/bin/../lib/gcc/arm-none-eabi/13.3.1/../../../../arm-none-eabi/lib/thumb/v7-m/nofp\libc_nano.a(libc_a-lock.o)
                0x20000730                __lock___malloc_recursive_mutex
 *(COMMON)
                0x20000734                        . = ALIGN (0x4)
 *fill*         0x20000731        0x3 
                0x20000734                        _ebss = .
                0x20000734                        __bss_end__ = _ebss

._user_heap_stack
                0x20000734      0x604 load address 0x08003cc4
                0x20000738                        . = ALIGN (0x8)
 *fill*         0x20000734        0x4 
                [!provide]                        PROVIDE (end = .)
                0x20000738                        PROVIDE (_end = .)
                0x20000938                        . = (. + _Min_Heap_Size)
 *fill*         0x20000738      0x200 
                0x20000d38                        . = (. + _Min_Stack_Size)
 *fill*         0x20000938      0x400 
                0x20000d38                        . = ALIGN (0x8)

/DISCARD/
 libc.a(*)
 libm.a(*)
 libgcc.a(*)

.ARM.attributes
                0x00000000       0x29
 *(.ARM.attributes)
 .ARM.attributes
                0x00000000       0x1d C:/ST/STM32CubeIDE_1.19.0/STM32CubeIDE/plugins/com.st.stm32cube.ide.mcu.externaltools.gnu-tools-for-stm32.13.3.rel1.win32_1.0.0.202411081344/tools/bin/../lib/gcc/arm-none-eabi/13.3.1/thumb/v7-m/nofp/crti.o
 .ARM.attributes
                0x0000001d       0x2d C:/ST/STM32CubeIDE_1.19.0/STM32CubeIDE/plugins/com.st.stm32cube.ide.mcu.externaltools.gnu-tools-for-stm32.13.3.rel1.win32_1.0.0.202411081344/tools/bin/../lib/gcc/arm-none-eabi/13.3.1/thumb/v7-m/nofp/crtbegin.o
 .ARM.attributes
                0x0000004a       0x2d ./Core/Src/SEGGER_RTT.o
 .ARM.attributes
                0x00000077       0x2d ./Core/Src/comm_manager.o
 .ARM.attributes
                0x000000a4       0x2d ./Core/Src/crc16.o
 .ARM.attributes
                0x000000d1       0x2d ./Core/Src/log.o
 .ARM.attributes
                0x000000fe       0x2d ./Core/Src/main.o
 .ARM.attributes
                0x0000012b       0x2d ./Core/Src/my_packer.o
 .ARM.attributes
                0x00000158       0x2d ./Core/Src/packer.o
 .ARM.attributes
                0x00000185       0x2d ./Core/Src/queue.o
 .ARM.attributes
                0x000001b2       0x2d ./Core/Src/stm32f1xx_hal_msp.o
 .ARM.attributes
                0x000001df       0x2d ./Core/Src/stm32f1xx_it.o
 .ARM.attributes
                0x0000020c       0x2d ./Core/Src/sysmem.o
 .ARM.attributes
                0x00000239       0x2d ./Core/Src/system_stm32f1xx.o
 .ARM.attributes
                0x00000266       0x21 ./Core/Startup/startup_stm32f103c8tx.o
 .ARM.attributes
                0x00000287       0x2d ./Drivers/STM32F1xx_HAL_Driver/Src/stm32f1xx_hal.o
 .ARM.attributes
                0x000002b4       0x2d ./Drivers/STM32F1xx_HAL_Driver/Src/stm32f1xx_hal_cortex.o
 .ARM.attributes
                0x000002e1       0x2d ./Drivers/STM32F1xx_HAL_Driver/Src/stm32f1xx_hal_dma.o
 .ARM.attributes
                0x0000030e       0x2d ./Drivers/STM32F1xx_HAL_Driver/Src/stm32f1xx_hal_gpio.o
 .ARM.attributes
                0x0000033b       0x2d ./Drivers/STM32F1xx_HAL_Driver/Src/stm32f1xx_hal_rcc.o
 .ARM.attributes
                0x00000368       0x2d ./Drivers/STM32F1xx_HAL_Driver/Src/stm32f1xx_hal_uart.o
 .ARM.attributes
                0x00000395       0x2d C:/ST/STM32CubeIDE_1.19.0/STM32CubeIDE/plugins/com.st.stm32cube.ide.mcu.externaltools.gnu-tools-for-stm32.13.3.rel1.win32_1.0.0.202411081344/tools/bin/../lib/gcc/arm-none-eabi/13.3.1/../../../../arm-none-eabi/lib/thumb/v7-m/nofp\libc_nano.a(libc_a-calloc.o)
 .ARM.attributes
                0x000003c2       0x2d C:/ST/STM32CubeIDE_1.19.0/STM32CubeIDE/plugins/com.st.stm32cube.ide.mcu.externaltools.gnu-tools-for-stm32.13.3.rel1.win32_1.0.0.202411081344/tools/bin/../lib/gcc/arm-none-eabi/13.3.1/../../../../arm-none-eabi/lib/thumb/v7-m/nofp\libc_nano.a(libc_a-callocr.o)
 .ARM.attributes
                0x000003ef       0x2d C:/ST/STM32CubeIDE_1.19.0/STM32CubeIDE/plugins/com.st.stm32cube.ide.mcu.externaltools.gnu-tools-for-stm32.13.3.rel1.win32_1.0.0.202411081344/tools/bin/../lib/gcc/arm-none-eabi/13.3.1/../../../../arm-none-eabi/lib/thumb/v7-m/nofp\libc_nano.a(libc_a-mallocr.o)
 .ARM.attributes
                0x0000041c       0x2d C:/ST/STM32CubeIDE_1.19.0/STM32CubeIDE/plugins/com.st.stm32cube.ide.mcu.externaltools.gnu-tools-for-stm32.13.3.rel1.win32_1.0.0.202411081344/tools/bin/../lib/gcc/arm-none-eabi/13.3.1/../../../../arm-none-eabi/lib/thumb/v7-m/nofp\libc_nano.a(libc_a-mlock.o)
 .ARM.attributes
                0x00000449       0x2d C:/ST/STM32CubeIDE_1.19.0/STM32CubeIDE/plugins/com.st.stm32cube.ide.mcu.externaltools.gnu-tools-for-stm32.13.3.rel1.win32_1.0.0.202411081344/tools/bin/../lib/gcc/arm-none-eabi/13.3.1/../../../../arm-none-eabi/lib/thumb/v7-m/nofp\libc_nano.a(libc_a-findfp.o)
 .ARM.attributes
                0x00000476       0x2d C:/ST/STM32CubeIDE_1.19.0/STM32CubeIDE/plugins/com.st.stm32cube.ide.mcu.externaltools.gnu-tools-for-stm32.13.3.rel1.win32_1.0.0.202411081344/tools/bin/../lib/gcc/arm-none-eabi/13.3.1/../../../../arm-none-eabi/lib/thumb/v7-m/nofp\libc_nano.a(libc_a-sprintf.o)
 .ARM.attributes
                0x000004a3       0x2d C:/ST/STM32CubeIDE_1.19.0/STM32CubeIDE/plugins/com.st.stm32cube.ide.mcu.externaltools.gnu-tools-for-stm32.13.3.rel1.win32_1.0.0.202411081344/tools/bin/../lib/gcc/arm-none-eabi/13.3.1/../../../../arm-none-eabi/lib/thumb/v7-m/nofp\libc_nano.a(libc_a-vsnprintf.o)
 .ARM.attributes
                0x000004d0       0x2d C:/ST/STM32CubeIDE_1.19.0/STM32CubeIDE/plugins/com.st.stm32cube.ide.mcu.externaltools.gnu-tools-for-stm32.13.3.rel1.win32_1.0.0.202411081344/tools/bin/../lib/gcc/arm-none-eabi/13.3.1/../../../../arm-none-eabi/lib/thumb/v7-m/nofp\libc_nano.a(libc_a-memset.o)
 .ARM.attributes
                0x000004fd       0x2d C:/ST/STM32CubeIDE_1.19.0/STM32CubeIDE/plugins/com.st.stm32cube.ide.mcu.externaltools.gnu-tools-for-stm32.13.3.rel1.win32_1.0.0.202411081344/tools/bin/../lib/gcc/arm-none-eabi/13.3.1/../../../../arm-none-eabi/lib/thumb/v7-m/nofp\libc_nano.a(libc_a-reent.o)
 .ARM.attributes
                0x0000052a       0x2d C:/ST/STM32CubeIDE_1.19.0/STM32CubeIDE/plugins/com.st.stm32cube.ide.mcu.externaltools.gnu-tools-for-stm32.13.3.rel1.win32_1.0.0.202411081344/tools/bin/../lib/gcc/arm-none-eabi/13.3.1/../../../../arm-none-eabi/lib/thumb/v7-m/nofp\libc_nano.a(libc_a-impure.o)
 .ARM.attributes
                0x00000557       0x2d C:/ST/STM32CubeIDE_1.19.0/STM32CubeIDE/plugins/com.st.stm32cube.ide.mcu.externaltools.gnu-tools-for-stm32.13.3.rel1.win32_1.0.0.202411081344/tools/bin/../lib/gcc/arm-none-eabi/13.3.1/../../../../arm-none-eabi/lib/thumb/v7-m/nofp\libc_nano.a(libc_a-sbrkr.o)
 .ARM.attributes
                0x00000584       0x2d C:/ST/STM32CubeIDE_1.19.0/STM32CubeIDE/plugins/com.st.stm32cube.ide.mcu.externaltools.gnu-tools-for-stm32.13.3.rel1.win32_1.0.0.202411081344/tools/bin/../lib/gcc/arm-none-eabi/13.3.1/../../../../arm-none-eabi/lib/thumb/v7-m/nofp\libc_nano.a(libc_a-errno.o)
 .ARM.attributes
                0x000005b1       0x2d C:/ST/STM32CubeIDE_1.19.0/STM32CubeIDE/plugins/com.st.stm32cube.ide.mcu.externaltools.gnu-tools-for-stm32.13.3.rel1.win32_1.0.0.202411081344/tools/bin/../lib/gcc/arm-none-eabi/13.3.1/../../../../arm-none-eabi/lib/thumb/v7-m/nofp\libc_nano.a(libc_a-init.o)
 .ARM.attributes
                0x000005de       0x2d C:/ST/STM32CubeIDE_1.19.0/STM32CubeIDE/plugins/com.st.stm32cube.ide.mcu.externaltools.gnu-tools-for-stm32.13.3.rel1.win32_1.0.0.202411081344/tools/bin/../lib/gcc/arm-none-eabi/13.3.1/../../../../arm-none-eabi/lib/thumb/v7-m/nofp\libc_nano.a(libc_a-lock.o)
 .ARM.attributes
                0x0000060b       0x2d C:/ST/STM32CubeIDE_1.19.0/STM32CubeIDE/plugins/com.st.stm32cube.ide.mcu.externaltools.gnu-tools-for-stm32.13.3.rel1.win32_1.0.0.202411081344/tools/bin/../lib/gcc/arm-none-eabi/13.3.1/../../../../arm-none-eabi/lib/thumb/v7-m/nofp\libc_nano.a(libc_a-memcpy-stub.o)
 .ARM.attributes
                0x00000638       0x17 C:/ST/STM32CubeIDE_1.19.0/STM32CubeIDE/plugins/com.st.stm32cube.ide.mcu.externaltools.gnu-tools-for-stm32.13.3.rel1.win32_1.0.0.202411081344/tools/bin/../lib/gcc/arm-none-eabi/13.3.1/../../../../arm-none-eabi/lib/thumb/v7-m/nofp\libc_nano.a(libc_a-strlen.o)
 .ARM.attributes
                0x0000064f       0x2d C:/ST/STM32CubeIDE_1.19.0/STM32CubeIDE/plugins/com.st.stm32cube.ide.mcu.externaltools.gnu-tools-for-stm32.13.3.rel1.win32_1.0.0.202411081344/tools/bin/../lib/gcc/arm-none-eabi/13.3.1/../../../../arm-none-eabi/lib/thumb/v7-m/nofp\libc_nano.a(libc_a-freer.o)
 .ARM.attributes
                0x0000067c       0x2d C:/ST/STM32CubeIDE_1.19.0/STM32CubeIDE/plugins/com.st.stm32cube.ide.mcu.externaltools.gnu-tools-for-stm32.13.3.rel1.win32_1.0.0.202411081344/tools/bin/../lib/gcc/arm-none-eabi/13.3.1/../../../../arm-none-eabi/lib/thumb/v7-m/nofp\libc_nano.a(libc_a-nano-svfprintf.o)
 .ARM.attributes
                0x000006a9       0x2d C:/ST/STM32CubeIDE_1.19.0/STM32CubeIDE/plugins/com.st.stm32cube.ide.mcu.externaltools.gnu-tools-for-stm32.13.3.rel1.win32_1.0.0.202411081344/tools/bin/../lib/gcc/arm-none-eabi/13.3.1/../../../../arm-none-eabi/lib/thumb/v7-m/nofp\libc_nano.a(libc_a-nano-vfprintf_i.o)
 .ARM.attributes
                0x000006d6       0x2d C:/ST/STM32CubeIDE_1.19.0/STM32CubeIDE/plugins/com.st.stm32cube.ide.mcu.externaltools.gnu-tools-for-stm32.13.3.rel1.win32_1.0.0.202411081344/tools/bin/../lib/gcc/arm-none-eabi/13.3.1/../../../../arm-none-eabi/lib/thumb/v7-m/nofp\libc_nano.a(libc_a-memmove.o)
 .ARM.attributes
                0x00000703       0x2d C:/ST/STM32CubeIDE_1.19.0/STM32CubeIDE/plugins/com.st.stm32cube.ide.mcu.externaltools.gnu-tools-for-stm32.13.3.rel1.win32_1.0.0.202411081344/tools/bin/../lib/gcc/arm-none-eabi/13.3.1/../../../../arm-none-eabi/lib/thumb/v7-m/nofp\libc_nano.a(libc_a-memchr-stub.o)
 .ARM.attributes
                0x00000730       0x2d C:/ST/STM32CubeIDE_1.19.0/STM32CubeIDE/plugins/com.st.stm32cube.ide.mcu.externaltools.gnu-tools-for-stm32.13.3.rel1.win32_1.0.0.202411081344/tools/bin/../lib/gcc/arm-none-eabi/13.3.1/../../../../arm-none-eabi/lib/thumb/v7-m/nofp\libc_nano.a(libc_a-reallocr.o)
 .ARM.attributes
                0x0000075d       0x2d C:/ST/STM32CubeIDE_1.19.0/STM32CubeIDE/plugins/com.st.stm32cube.ide.mcu.externaltools.gnu-tools-for-stm32.13.3.rel1.win32_1.0.0.202411081344/tools/bin/../lib/gcc/arm-none-eabi/13.3.1/../../../../arm-none-eabi/lib/thumb/v7-m/nofp\libc_nano.a(libc_a-msizer.o)
 .ARM.attributes
                0x0000078a       0x1d C:/ST/STM32CubeIDE_1.19.0/STM32CubeIDE/plugins/com.st.stm32cube.ide.mcu.externaltools.gnu-tools-for-stm32.13.3.rel1.win32_1.0.0.202411081344/tools/bin/../lib/gcc/arm-none-eabi/13.3.1/thumb/v7-m/nofp/crtn.o
OUTPUT(GDIOTest.elf elf32-littlearm)
LOAD linker stubs
LOAD C:/ST/STM32CubeIDE_1.19.0/STM32CubeIDE/plugins/com.st.stm32cube.ide.mcu.externaltools.gnu-tools-for-stm32.13.3.rel1.win32_1.0.0.202411081344/tools/bin/../lib/gcc/arm-none-eabi/13.3.1/../../../../arm-none-eabi/lib/thumb/v7-m/nofp\libc.a
LOAD C:/ST/STM32CubeIDE_1.19.0/STM32CubeIDE/plugins/com.st.stm32cube.ide.mcu.externaltools.gnu-tools-for-stm32.13.3.rel1.win32_1.0.0.202411081344/tools/bin/../lib/gcc/arm-none-eabi/13.3.1/../../../../arm-none-eabi/lib/thumb/v7-m/nofp\libm.a
LOAD C:/ST/STM32CubeIDE_1.19.0/STM32CubeIDE/plugins/com.st.stm32cube.ide.mcu.externaltools.gnu-tools-for-stm32.13.3.rel1.win32_1.0.0.202411081344/tools/bin/../lib/gcc/arm-none-eabi/13.3.1/thumb/v7-m/nofp\libgcc.a

.debug_info     0x00000000     0x9e91
 .debug_info    0x00000000     0x14d5 ./Core/Src/SEGGER_RTT.o
 .debug_info    0x000014d5      0x5d4 ./Core/Src/comm_manager.o
 .debug_info    0x00001aa9      0x203 ./Core/Src/crc16.o
 .debug_info    0x00001cac      0x1c1 ./Core/Src/log.o
 .debug_info    0x00001e6d      0xed4 ./Core/Src/main.o
 .debug_info    0x00002d41      0x35b ./Core/Src/my_packer.o
 .debug_info    0x0000309c      0x22d ./Core/Src/packer.o
 .debug_info    0x000032c9      0x3d0 ./Core/Src/queue.o
 .debug_info    0x00003699      0x989 ./Core/Src/stm32f1xx_hal_msp.o
 .debug_info    0x00004022      0x5eb ./Core/Src/stm32f1xx_it.o
 .debug_info    0x0000460d      0x168 ./Core/Src/sysmem.o
 .debug_info    0x00004775      0x222 ./Core/Src/system_stm32f1xx.o
 .debug_info    0x00004997       0x30 ./Core/Startup/startup_stm32f103c8tx.o
 .debug_info    0x000049c7      0x704 ./Drivers/STM32F1xx_HAL_Driver/Src/stm32f1xx_hal.o
 .debug_info    0x000050cb      0xa87 ./Drivers/STM32F1xx_HAL_Driver/Src/stm32f1xx_hal_cortex.o
 .debug_info    0x00005b52      0x6d2 ./Drivers/STM32F1xx_HAL_Driver/Src/stm32f1xx_hal_dma.o
 .debug_info    0x00006224      0x5ab ./Drivers/STM32F1xx_HAL_Driver/Src/stm32f1xx_hal_gpio.o
 .debug_info    0x000067cf      0x7d5 ./Drivers/STM32F1xx_HAL_Driver/Src/stm32f1xx_hal_rcc.o
 .debug_info    0x00006fa4     0x2eed ./Drivers/STM32F1xx_HAL_Driver/Src/stm32f1xx_hal_uart.o

.debug_abbrev   0x00000000     0x1fd3
 .debug_abbrev  0x00000000      0x230 ./Core/Src/SEGGER_RTT.o
 .debug_abbrev  0x00000230      0x191 ./Core/Src/comm_manager.o
 .debug_abbrev  0x000003c1       0xfa ./Core/Src/crc16.o
 .debug_abbrev  0x000004bb      0x120 ./Core/Src/log.o
 .debug_abbrev  0x000005db      0x2c9 ./Core/Src/main.o
 .debug_abbrev  0x000008a4      0x133 ./Core/Src/my_packer.o
 .debug_abbrev  0x000009d7       0xc9 ./Core/Src/packer.o
 .debug_abbrev  0x00000aa0      0x15b ./Core/Src/queue.o
 .debug_abbrev  0x00000bfb      0x1ca ./Core/Src/stm32f1xx_hal_msp.o
 .debug_abbrev  0x00000dc5      0x176 ./Core/Src/stm32f1xx_it.o
 .debug_abbrev  0x00000f3b       0xbc ./Core/Src/sysmem.o
 .debug_abbrev  0x00000ff7      0x13f ./Core/Src/system_stm32f1xx.o
 .debug_abbrev  0x00001136       0x24 ./Core/Startup/startup_stm32f103c8tx.o
 .debug_abbrev  0x0000115a      0x201 ./Drivers/STM32F1xx_HAL_Driver/Src/stm32f1xx_hal.o
 .debug_abbrev  0x0000135b      0x2f8 ./Drivers/STM32F1xx_HAL_Driver/Src/stm32f1xx_hal_cortex.o
 .debug_abbrev  0x00001653      0x20b ./Drivers/STM32F1xx_HAL_Driver/Src/stm32f1xx_hal_dma.o
 .debug_abbrev  0x0000185e      0x1ca ./Drivers/STM32F1xx_HAL_Driver/Src/stm32f1xx_hal_gpio.o
 .debug_abbrev  0x00001a28      0x2b3 ./Drivers/STM32F1xx_HAL_Driver/Src/stm32f1xx_hal_rcc.o
 .debug_abbrev  0x00001cdb      0x2f8 ./Drivers/STM32F1xx_HAL_Driver/Src/stm32f1xx_hal_uart.o

.debug_aranges  0x00000000      0x980
 .debug_aranges
                0x00000000      0x138 ./Core/Src/SEGGER_RTT.o
 .debug_aranges
                0x00000138       0x40 ./Core/Src/comm_manager.o
 .debug_aranges
                0x00000178       0x38 ./Core/Src/crc16.o
 .debug_aranges
                0x000001b0       0x38 ./Core/Src/log.o
 .debug_aranges
                0x000001e8       0x70 ./Core/Src/main.o
 .debug_aranges
                0x00000258       0x30 ./Core/Src/my_packer.o
 .debug_aranges
                0x00000288       0x30 ./Core/Src/packer.o
 .debug_aranges
                0x000002b8       0x70 ./Core/Src/queue.o
 .debug_aranges
                0x00000328       0x30 ./Core/Src/stm32f1xx_hal_msp.o
 .debug_aranges
                0x00000358       0x68 ./Core/Src/stm32f1xx_it.o
 .debug_aranges
                0x000003c0       0x20 ./Core/Src/sysmem.o
 .debug_aranges
                0x000003e0       0x28 ./Core/Src/system_stm32f1xx.o
 .debug_aranges
                0x00000408       0x28 ./Core/Startup/startup_stm32f103c8tx.o
 .debug_aranges
                0x00000430       0xe0 ./Drivers/STM32F1xx_HAL_Driver/Src/stm32f1xx_hal.o
 .debug_aranges
                0x00000510      0x100 ./Drivers/STM32F1xx_HAL_Driver/Src/stm32f1xx_hal_cortex.o
 .debug_aranges
                0x00000610       0x80 ./Drivers/STM32F1xx_HAL_Driver/Src/stm32f1xx_hal_dma.o
 .debug_aranges
                0x00000690       0x58 ./Drivers/STM32F1xx_HAL_Driver/Src/stm32f1xx_hal_gpio.o
 .debug_aranges
                0x000006e8       0x90 ./Drivers/STM32F1xx_HAL_Driver/Src/stm32f1xx_hal_rcc.o
 .debug_aranges
                0x00000778      0x208 ./Drivers/STM32F1xx_HAL_Driver/Src/stm32f1xx_hal_uart.o

.debug_rnglists
                0x00000000      0x725
 .debug_rnglists
                0x00000000       0xf5 ./Core/Src/SEGGER_RTT.o
 .debug_rnglists
                0x000000f5       0x2d ./Core/Src/comm_manager.o
 .debug_rnglists
                0x00000122       0x25 ./Core/Src/crc16.o
 .debug_rnglists
                0x00000147       0x25 ./Core/Src/log.o
 .debug_rnglists
                0x0000016c       0x51 ./Core/Src/main.o
 .debug_rnglists
                0x000001bd       0x22 ./Core/Src/my_packer.o
 .debug_rnglists
                0x000001df       0x1f ./Core/Src/packer.o
 .debug_rnglists
                0x000001fe       0x4f ./Core/Src/queue.o
 .debug_rnglists
                0x0000024d       0x20 ./Core/Src/stm32f1xx_hal_msp.o
 .debug_rnglists
                0x0000026d       0x49 ./Core/Src/stm32f1xx_it.o
 .debug_rnglists
                0x000002b6       0x13 ./Core/Src/sysmem.o
 .debug_rnglists
                0x000002c9       0x1a ./Core/Src/system_stm32f1xx.o
 .debug_rnglists
                0x000002e3       0x19 ./Core/Startup/startup_stm32f103c8tx.o
 .debug_rnglists
                0x000002fc       0xa3 ./Drivers/STM32F1xx_HAL_Driver/Src/stm32f1xx_hal.o
 .debug_rnglists
                0x0000039f       0xbb ./Drivers/STM32F1xx_HAL_Driver/Src/stm32f1xx_hal_cortex.o
 .debug_rnglists
                0x0000045a       0x64 ./Drivers/STM32F1xx_HAL_Driver/Src/stm32f1xx_hal_dma.o
 .debug_rnglists
                0x000004be       0x3f ./Drivers/STM32F1xx_HAL_Driver/Src/stm32f1xx_hal_gpio.o
 .debug_rnglists
                0x000004fd       0x6c ./Drivers/STM32F1xx_HAL_Driver/Src/stm32f1xx_hal_rcc.o
 .debug_rnglists
                0x00000569      0x1bc ./Drivers/STM32F1xx_HAL_Driver/Src/stm32f1xx_hal_uart.o

.debug_macro    0x00000000    0x17f88
 .debug_macro   0x00000000      0x1e9 ./Core/Src/SEGGER_RTT.o
 .debug_macro   0x000001e9      0xacc ./Core/Src/SEGGER_RTT.o
 .debug_macro   0x00000cb5       0x49 ./Core/Src/SEGGER_RTT.o
 .debug_macro   0x00000cfe       0x35 ./Core/Src/SEGGER_RTT.o
 .debug_macro   0x00000d33       0x24 ./Core/Src/SEGGER_RTT.o
 .debug_macro   0x00000d57       0x22 ./Core/Src/SEGGER_RTT.o
 .debug_macro   0x00000d79       0x5b ./Core/Src/SEGGER_RTT.o
 .debug_macro   0x00000dd4       0x94 ./Core/Src/SEGGER_RTT.o
 .debug_macro   0x00000e68       0x43 ./Core/Src/SEGGER_RTT.o
 .debug_macro   0x00000eab       0x34 ./Core/Src/SEGGER_RTT.o
 .debug_macro   0x00000edf       0x16 ./Core/Src/SEGGER_RTT.o
 .debug_macro   0x00000ef5      0x11c ./Core/Src/SEGGER_RTT.o
 .debug_macro   0x00001011       0x9b ./Core/Src/SEGGER_RTT.o
 .debug_macro   0x000010ac       0x57 ./Core/Src/SEGGER_RTT.o
 .debug_macro   0x00001103      0x370 ./Core/Src/SEGGER_RTT.o
 .debug_macro   0x00001473       0x16 ./Core/Src/SEGGER_RTT.o
 .debug_macro   0x00001489       0x4a ./Core/Src/SEGGER_RTT.o
 .debug_macro   0x000014d3       0x34 ./Core/Src/SEGGER_RTT.o
 .debug_macro   0x00001507       0x10 ./Core/Src/SEGGER_RTT.o
 .debug_macro   0x00001517       0x58 ./Core/Src/SEGGER_RTT.o
 .debug_macro   0x0000156f       0x8e ./Core/Src/SEGGER_RTT.o
 .debug_macro   0x000015fd       0x1c ./Core/Src/SEGGER_RTT.o
 .debug_macro   0x00001619      0x185 ./Core/Src/SEGGER_RTT.o
 .debug_macro   0x0000179e       0x16 ./Core/Src/SEGGER_RTT.o
 .debug_macro   0x000017b4       0x29 ./Core/Src/SEGGER_RTT.o
 .debug_macro   0x000017dd       0x58 ./Core/Src/SEGGER_RTT.o
 .debug_macro   0x00001835      0x103 ./Core/Src/SEGGER_RTT.o
 .debug_macro   0x00001938       0x6a ./Core/Src/SEGGER_RTT.o
 .debug_macro   0x000019a2      0x1df ./Core/Src/SEGGER_RTT.o
 .debug_macro   0x00001b81      0x138 ./Core/Src/SEGGER_RTT.o
 .debug_macro   0x00001cb9       0x16 ./Core/Src/SEGGER_RTT.o
 .debug_macro   0x00001ccf       0x3c ./Core/Src/SEGGER_RTT.o
 .debug_macro   0x00001d0b       0x20 ./Core/Src/SEGGER_RTT.o
 .debug_macro   0x00001d2b      0x1ed ./Core/Src/comm_manager.o
 .debug_macro   0x00001f18       0x8e ./Core/Src/comm_manager.o
 .debug_macro   0x00001fa6       0x51 ./Core/Src/comm_manager.o
 .debug_macro   0x00001ff7       0x16 ./Core/Src/comm_manager.o
 .debug_macro   0x0000200d       0x22 ./Core/Src/comm_manager.o
 .debug_macro   0x0000202f       0x28 ./Core/Src/comm_manager.o
 .debug_macro   0x00002057       0x61 ./Core/Src/comm_manager.o
 .debug_macro   0x000020b8       0x73 ./Core/Src/crc16.o
 .debug_macro   0x0000212b      0x18c ./Core/Src/log.o
 .debug_macro   0x000022b7       0x1c ./Core/Src/log.o
 .debug_macro   0x000022d3       0x1c ./Core/Src/log.o
 .debug_macro   0x000022ef       0x16 ./Core/Src/log.o
 .debug_macro   0x00002305      0x146 ./Core/Src/log.o
 .debug_macro   0x0000244b      0x306 ./Core/Src/main.o
 .debug_macro   0x00002751      0x215 ./Core/Src/main.o
 .debug_macro   0x00002966       0x2e ./Core/Src/main.o
 .debug_macro   0x00002994       0x22 ./Core/Src/main.o
 .debug_macro   0x000029b6       0x1c ./Core/Src/main.o
 .debug_macro   0x000029d2       0x22 ./Core/Src/main.o
 .debug_macro   0x000029f4       0xbd ./Core/Src/main.o
 .debug_macro   0x00002ab1      0xd23 ./Core/Src/main.o
 .debug_macro   0x000037d4     0xe09e ./Core/Src/main.o
 .debug_macro   0x00011872       0x6d ./Core/Src/main.o
 .debug_macro   0x000118df     0x34a2 ./Core/Src/main.o
 .debug_macro   0x00014d81      0x190 ./Core/Src/main.o
 .debug_macro   0x00014f11       0x5c ./Core/Src/main.o
 .debug_macro   0x00014f6d      0x5bc ./Core/Src/main.o
 .debug_macro   0x00015529      0x289 ./Core/Src/main.o
 .debug_macro   0x000157b2      0x1cb ./Core/Src/main.o
 .debug_macro   0x0001597d      0x114 ./Core/Src/main.o
 .debug_macro   0x00015a91      0x1b2 ./Core/Src/main.o
 .debug_macro   0x00015c43       0x27 ./Core/Src/main.o
 .debug_macro   0x00015c6a      0x136 ./Core/Src/main.o
 .debug_macro   0x00015da0      0x1bc ./Core/Src/main.o
 .debug_macro   0x00015f5c       0x34 ./Core/Src/main.o
 .debug_macro   0x00015f90       0x3c ./Core/Src/main.o
 .debug_macro   0x00015fcc       0x57 ./Core/Src/main.o
 .debug_macro   0x00016023       0x87 ./Core/Src/main.o
 .debug_macro   0x000160aa      0x240 ./Core/Src/main.o
 .debug_macro   0x000162ea      0x140 ./Core/Src/main.o
 .debug_macro   0x0001642a      0x28e ./Core/Src/main.o
 .debug_macro   0x000166b8       0x83 ./Core/Src/main.o
 .debug_macro   0x0001673b      0x224 ./Core/Src/my_packer.o
 .debug_macro   0x0001695f       0x16 ./Core/Src/my_packer.o
 .debug_macro   0x00016975       0x9e ./Core/Src/my_packer.o
 .debug_macro   0x00016a13      0x112 ./Core/Src/my_packer.o
 .debug_macro   0x00016b25       0x10 ./Core/Src/my_packer.o
 .debug_macro   0x00016b35       0x16 ./Core/Src/my_packer.o
 .debug_macro   0x00016b4b       0x4c ./Core/Src/my_packer.o
 .debug_macro   0x00016b97       0x1c ./Core/Src/my_packer.o
 .debug_macro   0x00016bb3       0x82 ./Core/Src/packer.o
 .debug_macro   0x00016c35      0x147 ./Core/Src/queue.o
 .debug_macro   0x00016d7c      0x198 ./Core/Src/stm32f1xx_hal_msp.o
 .debug_macro   0x00016f14      0x1a2 ./Core/Src/stm32f1xx_it.o
 .debug_macro   0x000170b6      0x112 ./Core/Src/sysmem.o
 .debug_macro   0x000171c8      0x23c ./Core/Src/sysmem.o
 .debug_macro   0x00017404      0x18e ./Core/Src/system_stm32f1xx.o
 .debug_macro   0x00017592      0x1b2 ./Drivers/STM32F1xx_HAL_Driver/Src/stm32f1xx_hal.o
 .debug_macro   0x00017744      0x18e ./Drivers/STM32F1xx_HAL_Driver/Src/stm32f1xx_hal_cortex.o
 .debug_macro   0x000178d2      0x18e ./Drivers/STM32F1xx_HAL_Driver/Src/stm32f1xx_hal_dma.o
 .debug_macro   0x00017a60      0x1f9 ./Drivers/STM32F1xx_HAL_Driver/Src/stm32f1xx_hal_gpio.o
 .debug_macro   0x00017c59      0x1a0 ./Drivers/STM32F1xx_HAL_Driver/Src/stm32f1xx_hal_rcc.o
 .debug_macro   0x00017df9      0x18f ./Drivers/STM32F1xx_HAL_Driver/Src/stm32f1xx_hal_uart.o

.debug_line     0x00000000     0xbbec
 .debug_line    0x00000000      0xefb ./Core/Src/SEGGER_RTT.o
 .debug_line    0x00000efb      0x7b1 ./Core/Src/comm_manager.o
 .debug_line    0x000016ac      0x4f0 ./Core/Src/crc16.o
 .debug_line    0x00001b9c      0x617 ./Core/Src/log.o
 .debug_line    0x000021b3      0xa9d ./Core/Src/main.o
 .debug_line    0x00002c50      0x878 ./Core/Src/my_packer.o
 .debug_line    0x000034c8      0x473 ./Core/Src/packer.o
 .debug_line    0x0000393b      0x7cb ./Core/Src/queue.o
 .debug_line    0x00004106      0x722 ./Core/Src/stm32f1xx_hal_msp.o
 .debug_line    0x00004828      0x792 ./Core/Src/stm32f1xx_it.o
 .debug_line    0x00004fba      0x588 ./Core/Src/sysmem.o
 .debug_line    0x00005542      0x74a ./Core/Src/system_stm32f1xx.o
 .debug_line    0x00005c8c       0x78 ./Core/Startup/startup_stm32f103c8tx.o
 .debug_line    0x00005d04      0x97b ./Drivers/STM32F1xx_HAL_Driver/Src/stm32f1xx_hal.o
 .debug_line    0x0000667f      0xb45 ./Drivers/STM32F1xx_HAL_Driver/Src/stm32f1xx_hal_cortex.o
 .debug_line    0x000071c4      0xd85 ./Drivers/STM32F1xx_HAL_Driver/Src/stm32f1xx_hal_dma.o
 .debug_line    0x00007f49      0x9d8 ./Drivers/STM32F1xx_HAL_Driver/Src/stm32f1xx_hal_gpio.o
 .debug_line    0x00008921      0xe34 ./Drivers/STM32F1xx_HAL_Driver/Src/stm32f1xx_hal_rcc.o
 .debug_line    0x00009755     0x2497 ./Drivers/STM32F1xx_HAL_Driver/Src/stm32f1xx_hal_uart.o

.debug_str      0x00000000    0x83f61
 .debug_str     0x00000000    0x83f61 ./Core/Src/SEGGER_RTT.o
                               0x8802 (size before relaxing)
 .debug_str     0x00083f61     0x8453 ./Core/Src/comm_manager.o
 .debug_str     0x00083f61     0x3dd2 ./Core/Src/crc16.o
 .debug_str     0x00083f61     0x8627 ./Core/Src/log.o
 .debug_str     0x00083f61    0x8134d ./Core/Src/main.o
 .debug_str     0x00083f61     0x8944 ./Core/Src/my_packer.o
 .debug_str     0x00083f61     0x3e49 ./Core/Src/packer.o
 .debug_str     0x00083f61     0x74b3 ./Core/Src/queue.o
 .debug_str     0x00083f61    0x7d1b4 ./Core/Src/stm32f1xx_hal_msp.o
 .debug_str     0x00083f61    0x7ce64 ./Core/Src/stm32f1xx_it.o
 .debug_str     0x00083f61     0x770f ./Core/Src/sysmem.o
 .debug_str     0x00083f61    0x7ca3f ./Core/Src/system_stm32f1xx.o
 .debug_str     0x00083f61       0x69 ./Core/Startup/startup_stm32f103c8tx.o
 .debug_str     0x00083f61    0x7d172 ./Drivers/STM32F1xx_HAL_Driver/Src/stm32f1xx_hal.o
 .debug_str     0x00083f61    0x7d0be ./Drivers/STM32F1xx_HAL_Driver/Src/stm32f1xx_hal_cortex.o
 .debug_str     0x00083f61    0x7cde8 ./Drivers/STM32F1xx_HAL_Driver/Src/stm32f1xx_hal_dma.o
 .debug_str     0x00083f61    0x7cdc5 ./Drivers/STM32F1xx_HAL_Driver/Src/stm32f1xx_hal_gpio.o
 .debug_str     0x00083f61    0x7ce6e ./Drivers/STM32F1xx_HAL_Driver/Src/stm32f1xx_hal_rcc.o
 .debug_str     0x00083f61    0x7d4df ./Drivers/STM32F1xx_HAL_Driver/Src/stm32f1xx_hal_uart.o

.comment        0x00000000       0x43
 .comment       0x00000000       0x43 ./Core/Src/SEGGER_RTT.o
                                 0x44 (size before relaxing)
 .comment       0x00000043       0x44 ./Core/Src/comm_manager.o
 .comment       0x00000043       0x44 ./Core/Src/crc16.o
 .comment       0x00000043       0x44 ./Core/Src/log.o
 .comment       0x00000043       0x44 ./Core/Src/main.o
 .comment       0x00000043       0x44 ./Core/Src/my_packer.o
 .comment       0x00000043       0x44 ./Core/Src/packer.o
 .comment       0x00000043       0x44 ./Core/Src/queue.o
 .comment       0x00000043       0x44 ./Core/Src/stm32f1xx_hal_msp.o
 .comment       0x00000043       0x44 ./Core/Src/stm32f1xx_it.o
 .comment       0x00000043       0x44 ./Core/Src/sysmem.o
 .comment       0x00000043       0x44 ./Core/Src/system_stm32f1xx.o
 .comment       0x00000043       0x44 ./Drivers/STM32F1xx_HAL_Driver/Src/stm32f1xx_hal.o
 .comment       0x00000043       0x44 ./Drivers/STM32F1xx_HAL_Driver/Src/stm32f1xx_hal_cortex.o
 .comment       0x00000043       0x44 ./Drivers/STM32F1xx_HAL_Driver/Src/stm32f1xx_hal_dma.o
 .comment       0x00000043       0x44 ./Drivers/STM32F1xx_HAL_Driver/Src/stm32f1xx_hal_gpio.o
 .comment       0x00000043       0x44 ./Drivers/STM32F1xx_HAL_Driver/Src/stm32f1xx_hal_rcc.o
 .comment       0x00000043       0x44 ./Drivers/STM32F1xx_HAL_Driver/Src/stm32f1xx_hal_uart.o

.debug_frame    0x00000000     0x2a1c
 .debug_frame   0x00000000      0x52c ./Core/Src/SEGGER_RTT.o
 .debug_frame   0x0000052c       0xd8 ./Core/Src/comm_manager.o
 .debug_frame   0x00000604       0xb0 ./Core/Src/crc16.o
 .debug_frame   0x000006b4       0xb0 ./Core/Src/log.o
 .debug_frame   0x00000764      0x184 ./Core/Src/main.o
 .debug_frame   0x000008e8       0x7c ./Core/Src/my_packer.o
 .debug_frame   0x00000964       0x80 ./Core/Src/packer.o
 .debug_frame   0x000009e4      0x1b4 ./Core/Src/queue.o
 .debug_frame   0x00000b98       0x80 ./Core/Src/stm32f1xx_hal_msp.o
 .debug_frame   0x00000c18      0x120 ./Core/Src/stm32f1xx_it.o
 .debug_frame   0x00000d38       0x34 ./Core/Src/sysmem.o
 .debug_frame   0x00000d6c       0x58 ./Core/Src/system_stm32f1xx.o
 .debug_frame   0x00000dc4      0x334 ./Drivers/STM32F1xx_HAL_Driver/Src/stm32f1xx_hal.o
 .debug_frame   0x000010f8      0x428 ./Drivers/STM32F1xx_HAL_Driver/Src/stm32f1xx_hal_cortex.o
 .debug_frame   0x00001520      0x208 ./Drivers/STM32F1xx_HAL_Driver/Src/stm32f1xx_hal_dma.o
 .debug_frame   0x00001728      0x14c ./Drivers/STM32F1xx_HAL_Driver/Src/stm32f1xx_hal_gpio.o
 .debug_frame   0x00001874      0x218 ./Drivers/STM32F1xx_HAL_Driver/Src/stm32f1xx_hal_rcc.o
 .debug_frame   0x00001a8c      0x944 ./Drivers/STM32F1xx_HAL_Driver/Src/stm32f1xx_hal_uart.o
 .debug_frame   0x000023d0       0x20 C:/ST/STM32CubeIDE_1.19.0/STM32CubeIDE/plugins/com.st.stm32cube.ide.mcu.externaltools.gnu-tools-for-stm32.13.3.rel1.win32_1.0.0.202411081344/tools/bin/../lib/gcc/arm-none-eabi/13.3.1/../../../../arm-none-eabi/lib/thumb/v7-m/nofp\libc_nano.a(libc_a-calloc.o)
 .debug_frame   0x000023f0       0x2c C:/ST/STM32CubeIDE_1.19.0/STM32CubeIDE/plugins/com.st.stm32cube.ide.mcu.externaltools.gnu-tools-for-stm32.13.3.rel1.win32_1.0.0.202411081344/tools/bin/../lib/gcc/arm-none-eabi/13.3.1/../../../../arm-none-eabi/lib/thumb/v7-m/nofp\libc_nano.a(libc_a-callocr.o)
 .debug_frame   0x0000241c       0x50 C:/ST/STM32CubeIDE_1.19.0/STM32CubeIDE/plugins/com.st.stm32cube.ide.mcu.externaltools.gnu-tools-for-stm32.13.3.rel1.win32_1.0.0.202411081344/tools/bin/../lib/gcc/arm-none-eabi/13.3.1/../../../../arm-none-eabi/lib/thumb/v7-m/nofp\libc_nano.a(libc_a-mallocr.o)
 .debug_frame   0x0000246c       0x30 C:/ST/STM32CubeIDE_1.19.0/STM32CubeIDE/plugins/com.st.stm32cube.ide.mcu.externaltools.gnu-tools-for-stm32.13.3.rel1.win32_1.0.0.202411081344/tools/bin/../lib/gcc/arm-none-eabi/13.3.1/../../../../arm-none-eabi/lib/thumb/v7-m/nofp\libc_nano.a(libc_a-mlock.o)
 .debug_frame   0x0000249c      0x144 C:/ST/STM32CubeIDE_1.19.0/STM32CubeIDE/plugins/com.st.stm32cube.ide.mcu.externaltools.gnu-tools-for-stm32.13.3.rel1.win32_1.0.0.202411081344/tools/bin/../lib/gcc/arm-none-eabi/13.3.1/../../../../arm-none-eabi/lib/thumb/v7-m/nofp\libc_nano.a(libc_a-findfp.o)
 .debug_frame   0x000025e0       0x74 C:/ST/STM32CubeIDE_1.19.0/STM32CubeIDE/plugins/com.st.stm32cube.ide.mcu.externaltools.gnu-tools-for-stm32.13.3.rel1.win32_1.0.0.202411081344/tools/bin/../lib/gcc/arm-none-eabi/13.3.1/../../../../arm-none-eabi/lib/thumb/v7-m/nofp\libc_nano.a(libc_a-sprintf.o)
 .debug_frame   0x00002654       0x4c C:/ST/STM32CubeIDE_1.19.0/STM32CubeIDE/plugins/com.st.stm32cube.ide.mcu.externaltools.gnu-tools-for-stm32.13.3.rel1.win32_1.0.0.202411081344/tools/bin/../lib/gcc/arm-none-eabi/13.3.1/../../../../arm-none-eabi/lib/thumb/v7-m/nofp\libc_nano.a(libc_a-vsnprintf.o)
 .debug_frame   0x000026a0       0x20 C:/ST/STM32CubeIDE_1.19.0/STM32CubeIDE/plugins/com.st.stm32cube.ide.mcu.externaltools.gnu-tools-for-stm32.13.3.rel1.win32_1.0.0.202411081344/tools/bin/../lib/gcc/arm-none-eabi/13.3.1/../../../../arm-none-eabi/lib/thumb/v7-m/nofp\libc_nano.a(libc_a-memset.o)
 .debug_frame   0x000026c0       0x38 C:/ST/STM32CubeIDE_1.19.0/STM32CubeIDE/plugins/com.st.stm32cube.ide.mcu.externaltools.gnu-tools-for-stm32.13.3.rel1.win32_1.0.0.202411081344/tools/bin/../lib/gcc/arm-none-eabi/13.3.1/../../../../arm-none-eabi/lib/thumb/v7-m/nofp\libc_nano.a(libc_a-reent.o)
 .debug_frame   0x000026f8       0x2c C:/ST/STM32CubeIDE_1.19.0/STM32CubeIDE/plugins/com.st.stm32cube.ide.mcu.externaltools.gnu-tools-for-stm32.13.3.rel1.win32_1.0.0.202411081344/tools/bin/../lib/gcc/arm-none-eabi/13.3.1/../../../../arm-none-eabi/lib/thumb/v7-m/nofp\libc_nano.a(libc_a-sbrkr.o)
 .debug_frame   0x00002724       0x20 C:/ST/STM32CubeIDE_1.19.0/STM32CubeIDE/plugins/com.st.stm32cube.ide.mcu.externaltools.gnu-tools-for-stm32.13.3.rel1.win32_1.0.0.202411081344/tools/bin/../lib/gcc/arm-none-eabi/13.3.1/../../../../arm-none-eabi/lib/thumb/v7-m/nofp\libc_nano.a(libc_a-errno.o)
 .debug_frame   0x00002744       0x2c C:/ST/STM32CubeIDE_1.19.0/STM32CubeIDE/plugins/com.st.stm32cube.ide.mcu.externaltools.gnu-tools-for-stm32.13.3.rel1.win32_1.0.0.202411081344/tools/bin/../lib/gcc/arm-none-eabi/13.3.1/../../../../arm-none-eabi/lib/thumb/v7-m/nofp\libc_nano.a(libc_a-init.o)
 .debug_frame   0x00002770       0xb0 C:/ST/STM32CubeIDE_1.19.0/STM32CubeIDE/plugins/com.st.stm32cube.ide.mcu.externaltools.gnu-tools-for-stm32.13.3.rel1.win32_1.0.0.202411081344/tools/bin/../lib/gcc/arm-none-eabi/13.3.1/../../../../arm-none-eabi/lib/thumb/v7-m/nofp\libc_nano.a(libc_a-lock.o)
 .debug_frame   0x00002820       0x28 C:/ST/STM32CubeIDE_1.19.0/STM32CubeIDE/plugins/com.st.stm32cube.ide.mcu.externaltools.gnu-tools-for-stm32.13.3.rel1.win32_1.0.0.202411081344/tools/bin/../lib/gcc/arm-none-eabi/13.3.1/../../../../arm-none-eabi/lib/thumb/v7-m/nofp\libc_nano.a(libc_a-memcpy-stub.o)
 .debug_frame   0x00002848       0x38 C:/ST/STM32CubeIDE_1.19.0/STM32CubeIDE/plugins/com.st.stm32cube.ide.mcu.externaltools.gnu-tools-for-stm32.13.3.rel1.win32_1.0.0.202411081344/tools/bin/../lib/gcc/arm-none-eabi/13.3.1/../../../../arm-none-eabi/lib/thumb/v7-m/nofp\libc_nano.a(libc_a-freer.o)
 .debug_frame   0x00002880       0x90 C:/ST/STM32CubeIDE_1.19.0/STM32CubeIDE/plugins/com.st.stm32cube.ide.mcu.externaltools.gnu-tools-for-stm32.13.3.rel1.win32_1.0.0.202411081344/tools/bin/../lib/gcc/arm-none-eabi/13.3.1/../../../../arm-none-eabi/lib/thumb/v7-m/nofp\libc_nano.a(libc_a-nano-svfprintf.o)
 .debug_frame   0x00002910       0x60 C:/ST/STM32CubeIDE_1.19.0/STM32CubeIDE/plugins/com.st.stm32cube.ide.mcu.externaltools.gnu-tools-for-stm32.13.3.rel1.win32_1.0.0.202411081344/tools/bin/../lib/gcc/arm-none-eabi/13.3.1/../../../../arm-none-eabi/lib/thumb/v7-m/nofp\libc_nano.a(libc_a-nano-vfprintf_i.o)
 .debug_frame   0x00002970       0x28 C:/ST/STM32CubeIDE_1.19.0/STM32CubeIDE/plugins/com.st.stm32cube.ide.mcu.externaltools.gnu-tools-for-stm32.13.3.rel1.win32_1.0.0.202411081344/tools/bin/../lib/gcc/arm-none-eabi/13.3.1/../../../../arm-none-eabi/lib/thumb/v7-m/nofp\libc_nano.a(libc_a-memmove.o)
 .debug_frame   0x00002998       0x28 C:/ST/STM32CubeIDE_1.19.0/STM32CubeIDE/plugins/com.st.stm32cube.ide.mcu.externaltools.gnu-tools-for-stm32.13.3.rel1.win32_1.0.0.202411081344/tools/bin/../lib/gcc/arm-none-eabi/13.3.1/../../../../arm-none-eabi/lib/thumb/v7-m/nofp\libc_nano.a(libc_a-memchr-stub.o)
 .debug_frame   0x000029c0       0x3c C:/ST/STM32CubeIDE_1.19.0/STM32CubeIDE/plugins/com.st.stm32cube.ide.mcu.externaltools.gnu-tools-for-stm32.13.3.rel1.win32_1.0.0.202411081344/tools/bin/../lib/gcc/arm-none-eabi/13.3.1/../../../../arm-none-eabi/lib/thumb/v7-m/nofp\libc_nano.a(libc_a-reallocr.o)
 .debug_frame   0x000029fc       0x20 C:/ST/STM32CubeIDE_1.19.0/STM32CubeIDE/plugins/com.st.stm32cube.ide.mcu.externaltools.gnu-tools-for-stm32.13.3.rel1.win32_1.0.0.202411081344/tools/bin/../lib/gcc/arm-none-eabi/13.3.1/../../../../arm-none-eabi/lib/thumb/v7-m/nofp\libc_nano.a(libc_a-msizer.o)

.debug_line_str
                0x00000000       0x4d
 .debug_line_str
                0x00000000       0x4d ./Core/Startup/startup_stm32f103c8tx.o
