../Core/Src/main.c:72:6:HAL_UART_RxCpltCallback	16	static
../Core/Src/main.c:82:6:HAL_UART_TxCpltCallback	16	static
../Core/Src/main.c:90:6:u32_to_str	24	static
../Core/Src/main.c:96:6:uart_send	16	static
../Core/Src/main.c:101:6:receive_callback	16	static
../Core/Src/main.c:110:6:receive_fail_callback	16	static
../Core/Src/main.c:120:5:main	16	static
../Core/Src/main.c:188:6:SystemClock_Config	72	static
../Core/Src/main.c:224:13:MX_USART1_UART_Init	8	static
../Core/Src/main.c:256:13:MX_GPIO_Init	32	static
../Core/Src/main.c:290:6:Error_Handler	4	static,ignoring_inline_asm
