../Core/Src/main.c:65:6:HAL_UART_RxCpltCallback	16	static
../Core/Src/main.c:75:6:HAL_UART_TxCpltCallback	16	static
../Core/Src/main.c:83:6:u32_to_str	24	static
../Core/Src/main.c:89:6:uart_send	16	static
../Core/Src/main.c:94:6:receive_callback	16	static
../Core/Src/main.c:103:6:receive_fail_callback	16	static
../Core/Src/main.c:113:5:main	8	static
../Core/Src/main.c:180:6:SystemClock_Config	72	static
../Core/Src/main.c:216:13:MX_USART1_UART_Init	8	static
../Core/Src/main.c:248:13:MX_GPIO_Init	32	static
../Core/Src/main.c:282:6:Error_Handler	4	static,ignoring_inline_asm
